12-18 18:00:42.946  1750  1750 V KeyguardUpdateMonitor: startListeningForFingerprint()
12-18 18:00:42.947  1750  1750 D KeyguardViewMediator: handleNotifyStartedGoingToSleep
12-18 18:00:42.978  1391  1516 W system_server: Core platform API violation: Ljava/nio/Buffer;->position:I from Lcom/android/server/display/ColorFade; using JNI
12-18 18:00:42.979  1391  1516 W system_server: Core platform API violation: Ljava/nio/Buffer;->limit:I from Lcom/android/server/display/ColorFade; using JNI
12-18 18:00:42.979  1391  1516 W system_server: Core platform API violation: Ljava/nio/Buffer;->_elementSizeShift:I from Lcom/android/server/display/ColorFade; using JNI
12-18 18:00:42.979  1391  1516 W system_server: Core platform API violation: Ljava/nio/Buffer;->address:J from Lcom/android/server/display/ColorFade; using JNI
12-18 18:00:43.488  1391  1516 I DisplayPowerController: Blocking screen off
12-18 18:00:43.490  1391  1516 I DisplayPowerController: Unblocked screen off after 1 ms
12-18 18:00:43.552  1391  1516 D ActivityTaskManager: Top Process State changed to PROCESS_STATE_TOP_SLEEPING
12-18 18:00:43.553  1391  1516 D ActivityTrigger: ActivityTrigger activityPauseTrigger 
12-18 18:00:43.557  1750  2263 D KeyguardViewMediator: notifyScreenTurnedOff
12-18 18:00:43.558  1750  1750 D KeyguardViewMediator: handleNotifyScreenTurnedOff
12-18 18:00:43.566   738   738 I sensors-hal: activate:194, android.sensor.accelerometer/13 en=0
12-18 18:00:43.568   738   738 I sensors-hal: activate:207, android.sensor.accelerometer/13 en=0 completed
12-18 18:00:43.573   738   738 I sensors-hal: activate:194, android.sensor.proximity/82 en=0
12-18 18:00:43.576   738   738 I sensors-hal: activate:207, android.sensor.proximity/82 en=0 completed
12-18 18:00:43.593  1391  1475 W ProcessStats: Tracking association SourceState{36ee6bd com.bnuttin.sPOS/10130 Top #2043} whose proc state 1 is better than process ProcessState{3b404b2 com.stripe.reader/10127 pkg=com.stripe.reader} proc state 2 (0 skipped)
12-18 18:00:43.595   730   730 I SDM     : StrategyImpl::SetIdleTimeoutMs: Idle timeout: active = 70, inactive = 520
12-18 18:00:43.602  1391  2812 D LocSvc_HIDL_IzatProvider_jni: Provider Type: 2; Num Updates: 2147483647; Interval: 1800000Displacement: 0.000000; Accuracy: 1
12-18 18:00:43.602  1391  2812 V LocSvc_HIDL_IzatProvider_jni: [onAddRequest][165] [HC] =>> [HS]
12-18 18:00:43.602   729   729 I LocSvc_GnssInterface: ===> setPositionMode_1_1 line 498 
12-18 18:00:43.602   729   729 E LocSvc_APIClientBase: locAPIUpdateTrackingOptions:396] invalid or stopped session: 84.
12-18 18:00:43.602   729   729 V LocSvc_HIDL_IzatProvider: [onAddRequest][195] [HS] <<<<= [HC]
12-18 18:00:43.602   729   729 I IzatSvc_IzatManager: LocTech-Label :: IZATMANAGER :: Add Request In
12-18 18:00:43.602   729   729 I IzatSvc_IzatManager: LocTech-Value :: Provider: 2, Num Updates: 2147483647, TTFF: 0, Interval: 1800000, Displacement: 0.000000, Horizontal Accuracy: 1, Altitude Accuracy: 2, Bearing Accuracy: 2, Emergency mode: 0
12-18 18:00:43.603  1391  1698 V LocSvc_HIDL_OsNpGlue_jni: [onSetRequest][61] [HC] <<= [HS]
12-18 18:00:43.604  1391  2812 W NpProxy : 
12-18 18:00:43.604  1391  2812 W NpProxy : java.lang.NullPointerException: Attempt to invoke virtual method 'void com.qualcomm.location.izatprovider.NpProxy$LocationController.setRequest(com.android.internal.location.ProviderRequest, android.os.WorkSource)' on a null object reference
12-18 18:00:43.604  1391  2812 W NpProxy : 	at com.qualcomm.location.izatprovider.NpProxy.setRequestTry(NpProxy.java:197)
12-18 18:00:43.604  1391  2812 W NpProxy : 	at com.qualcomm.location.izatprovider.NpProxy.handleMessage(NpProxy.java:273)
12-18 18:00:43.604  1391  2812 W NpProxy : 	at android.os.Handler.dispatchMessage(Handler.java:103)
12-18 18:00:43.604  1391  2812 W NpProxy : 	at android.os.Looper.loop(Looper.java:214)
12-18 18:00:43.604  1391  2812 W NpProxy : 	at android.os.HandlerThread.run(HandlerThread.java:67)
12-18 18:00:43.604   729   729 I LocSvc_GnssInterface: ===> start line 281 
12-18 18:00:43.604   729   729 I LocSvc_APIClientBase: locAPIStartTracking:352] start new session: 85
12-18 18:00:43.606  1391  1475 D ActivityTrigger: ActivityTrigger activityStopTrigger 
12-18 18:00:43.608   738   738 I sensors-hal: activate:194, android.sensor.device_orientation/272 en=0
12-18 18:00:43.610   738   738 I sensors-hal: activate:207, android.sensor.device_orientation/272 en=0 completed
12-18 18:00:43.611 24036 24120 I ReactNativeJNI: Memory warning (pressure level: TRIM_MEMORY_UI_HIDDEN) received by JS VM, ignoring because it's non-severe
12-18 18:00:43.617  1391  1516 E libEGL  : call to OpenGL ES API with no current context (logged once per thread)
12-18 18:00:43.617  1391  1516 V DisplayPowerController: Brightness [0] reason changing to: 'screen_off', previous reason: 'manual'.
12-18 18:00:43.621   825   825 D SurfaceFlinger: Setting power mode 0 on display 19260890273346689
12-18 18:00:43.642  1391  1475 I DisplayManagerService: Display device changed state: "‎‏‎‎‎‎‎‏‎‏‏‏‎‎‎‎‎‎‏‎‎‏‎‎‎‎‏‏‏‏‏‎‎‏‏‏‎‎‎‎‏‏‎‎‎‏‏‎‎‎‎‏‎‎‎‏‎‏‎‎‏‎‏‎‏‏‎‎‏‏‏‏‎‎‏‎‏‏‎‏‏‏‎‏‏‎‏‎‎‏‎‎‎‎Built-in Screen‎‏‎‎‏‎", OFF
12-18 18:00:43.654  1722  2186 I BtGatt.ScanManager: msg.what = 8
12-18 18:00:43.657  1722  2186 I BtGatt.ScanManager: msg.what = 4
12-18 18:00:43.679   730   730 I SDM     : DisplayBase::SetDisplayState: Set state = 0, display 28-0, teardown = 0
12-18 18:00:43.716  1750  1764 I ndroid.systemu: NativeAlloc concurrent copying GC freed 90155(3561KB) AllocSpace objects, 0(0B) LOS objects, 49% free, 5847KB/11MB, paused 16.824ms total 129.105ms
12-18 18:00:44.089   825   825 D SurfaceFlinger: Finished setting power mode 0 on display 19260890273346689
12-18 18:00:44.089  1391  1719 D SurfaceControl: Excessive delay in setPowerMode()
12-18 18:00:44.090   730   730 W SDM     : DisplayBase::SetVSyncState: Can't disable vsync when power state is off for display 28-0,Defer it when display is active
12-18 18:00:44.094   762   762 E ANDR-PERF-TARGET: Error: Invalid logical cluster id 0
12-18 18:00:44.094   762   762 E ANDR-PERF-REQUEST: Translate to physical failed
12-18 18:00:44.220   722   734 I /system/bin/hw/android.system.suspend@1.0-service: automatic system suspend enabled
12-18 18:00:44.240  1391  1719 D PowerManagerService-JNI: Excessive delay in autosuspend_enable() while turning screen off
12-18 18:00:44.252  1750  2263 D KeyguardViewMediator: onFinishedGoingToSleep(2)
12-18 18:00:44.253  1750  2263 D KeyguardViewMediator: notifyFinishedGoingToSleep
12-18 18:00:44.256  1750  1750 D KeyguardViewMediator: handleNotifyFinishedGoingToSleep
12-18 18:00:44.257  1750  1750 V KeyguardStatusView: Schedule setEnableMarquee: Disable
12-18 18:00:44.257  1750  1750 V KeyguardStatusView: Disable transport text marquee
12-18 18:00:44.258  1750  1750 V KeyguardUpdateMonitor: startListeningForFingerprint()
12-18 18:00:44.263  1750  1750 D StatusBar: updateQsExpansionEnabled - QS Expand enabled: false
12-18 18:00:44.276   720  1693 D audio_hw_primary: adev_set_parameters: enter: screen_state=on
12-18 18:00:44.284   720  1693 D audio_hw_hfp: hfp_set_parameters: enter
12-18 18:00:44.295   720  1693 W sound_trigger_hw: sound_trigger_hw_call_back: Unknown event 17
12-18 18:00:44.295   720  1693 D audio_hw_hfp: hfp_set_parameters: enter
12-18 18:00:44.297   720  1693 D audio_hw_extn: audio_extn_fm_set_parameters: Enter
12-18 18:00:44.299   720  1693 D audio_hw_hfp: hfp_set_parameters: enter
12-18 18:00:44.303   729   729 I LocSvc_GnssInterface: ===> stop line 291 
12-18 18:00:44.310  1391  2812 V LocSvc_HIDL_IzatProvider_jni: [onRemoveRequest][180] [HC] =>> [HS]
12-18 18:00:44.310   729   729 V LocSvc_HIDL_IzatProvider: [onRemoveRequest][210] [HS] <<<<= [HC]
12-18 18:00:44.310   729   729 I IzatSvc_IzatManager: LocTech-Label :: IZATMANAGER :: Remove Request In
12-18 18:00:44.310   729   729 I IzatSvc_IzatManager: LocTech-Value :: Provider: 2, Num Updates: 2147483647, TTFF: 0, Interval: 1800000, Displacement: 0.000000, Horizontal Accuracy: 1, Altitude Accuracy: 2, Bearing Accuracy: 2 InEmergency: 0
12-18 18:00:44.311  1391  1698 V LocSvc_HIDL_OsNpGlue_jni: [onStopRequest][68] [HC] <<= [HS]
12-18 18:00:44.311  1391  2812 W NpProxy : 
12-18 18:00:44.311  1391  2812 W NpProxy : java.lang.NullPointerException: Attempt to invoke virtual method 'void com.qualcomm.location.izatprovider.NpProxy$LocationController.setRequest(com.android.internal.location.ProviderRequest, android.os.WorkSource)' on a null object reference
12-18 18:00:44.311  1391  2812 W NpProxy : 	at com.qualcomm.location.izatprovider.NpProxy.setRequestTry(NpProxy.java:197)
12-18 18:00:44.311  1391  2812 W NpProxy : 	at com.qualcomm.location.izatprovider.NpProxy.handleMessage(NpProxy.java:273)
12-18 18:00:44.311  1391  2812 W NpProxy : 	at android.os.Handler.dispatchMessage(Handler.java:103)
12-18 18:00:44.311  1391  2812 W NpProxy : 	at android.os.Looper.loop(Looper.java:214)
12-18 18:00:44.311  1391  2812 W NpProxy : 	at android.os.HandlerThread.run(HandlerThread.java:67)
12-18 18:00:44.313  1391  1391 W AlarmManager: Unrecognized alarm listener com.android.server.job.controllers.idle.-$$Lambda$DeviceIdlenessTracker$-H1-ZwZAJ-vh10A0PeYXaZLj_R0@f99587b
12-18 18:00:44.377  1841  2871 D QCNEJ/WlanStaInfoRelay: Received action: android.net.wifi.RSSI_CHANGED
12-18 18:00:44.419  2664  2664 D NfcService: MSG_APPLY_SCREEN_STATE 8
12-18 18:00:44.423  2664  2896 D NfcService: applyRouting enter
12-18 18:00:44.429  2664  2664 D NfcService: applyRouting enter
12-18 18:00:44.445  2753  2753 D QSLMJ   : SLM received action android.intent.action.SCREEN_ON
12-18 18:00:44.455  2664  2664 I libnfc_nci: [INFO:NativeNfcManager.cpp(2770)] nfcManager_doSetScreenState: state = 8 prevScreenState= 0, discovry_param = 1
12-18 18:00:44.485  2698  2698 D PASRDozeReceiver: Received Intent Intent { act=android.intent.action.SCREEN_ON flg=0x50200010 }
12-18 18:00:44.490  2698  2698 D PASRDozeReceiver: Sent intent Successfully
12-18 18:00:44.491  2698  2698 D PASRService: PASRService started
12-18 18:00:44.491  2698  2698 D PASRService: OnStart, Intent: android.intent.action.SCREEN_ON
12-18 18:00:44.492  2698  2698 D PASRService: State is now: -1
12-18 18:00:44.527   720  1693 D audio_hw_primary: adev_set_parameters: enter: screen_state=off
12-18 18:00:44.527   720  1693 D audio_hw_hfp: hfp_set_parameters: enter
12-18 18:00:44.527   720  1693 W sound_trigger_hw: sound_trigger_hw_call_back: Unknown event 17
12-18 18:00:44.527   720  1693 D audio_hw_hfp: hfp_set_parameters: enter
12-18 18:00:44.528   720  1693 D audio_hw_extn: audio_extn_fm_set_parameters: Enter
12-18 18:00:44.528   720  1693 D audio_hw_hfp: hfp_set_parameters: enter
12-18 18:00:44.560  2664  2664 D NfcService: MSG_APPLY_SCREEN_STATE 1
12-18 18:00:44.561  2664  2664 I libnfc_nci: [INFO:NativeNfcManager.cpp(2770)] nfcManager_doSetScreenState: state = 1 prevScreenState= 8, discovry_param = 1
12-18 18:00:44.564  2664  2896 D NfcService: applyRouting enter
12-18 18:00:44.572  2753  2753 D QSLMJ   : SLM received action android.intent.action.SCREEN_OFF
12-18 18:00:44.603   738   738 I sensors-hal: batch:229, android.sensor.motion_detect/302, period=1000000, max_latency=0
12-18 18:00:44.603   738   738 I sensors-hal: batch:240, android.sensor.motion_detect/302, period=1000000, max_latency=0 request completed
12-18 18:00:44.604   738   738 I sensors-hal: activate:194, android.sensor.motion_detect/302 en=1
12-18 18:00:44.605   738   738 I sensors-hal: get_qmi_debug_flag:245, support_qmi_debug : false
12-18 18:00:44.624   738   738 I sensors-hal: activate:207, android.sensor.motion_detect/302 en=1 completed
12-18 18:00:44.629  2698  2698 D PASRDozeReceiver: Received Intent Intent { act=android.intent.action.SCREEN_OFF flg=0x50200010 }
12-18 18:00:44.633  2698  2698 D PASRDozeReceiver: Sent intent Successfully
12-18 18:00:44.634  2698  2698 D PASRService: PASRService started
12-18 18:00:44.635  2698  2698 D PASRService: OnStart, Intent: android.intent.action.SCREEN_OFF
12-18 18:00:44.635  2698  2698 D PASRService: Screen Off
12-18 18:00:45.293  1750  1965 D ImageWallpaper: finishRendering, preserve=false
12-18 18:00:45.434  1750  1750 D KeyguardUpdateMonitor: received broadcast android.intent.action.BATTERY_CHANGED
12-18 18:00:45.434  1750  1750 D KeyguardUpdateMonitor: handleBatteryUpdate
12-18 18:00:45.437  1989  1989 D QtiCarrierConfigHelper: WARNING, no carrier configs on phone Id: 0
12-18 18:00:49.096  1391  2315 D WificondControl: Scan result ready event
12-18 18:00:49.136  1391  1652 D WifiClientModeImpl: onResults: total 31 results
12-18 18:00:49.136  1391  1652 D ANQPRequestManager: Not allowed to send ANQP request to 198339166783756 for another 342 seconds
12-18 18:00:49.137  1391  1652 D PasspointManager: ANQP entry not found for: b4:63:6f:94:c9:0c:<Free Malware>
12-18 18:00:49.137  1391  1652 D ANQPRequestManager: Not allowed to send ANQP request to 198339166783748 for another 181 seconds
12-18 18:00:49.137  1391  1652 D PasspointManager: ANQP entry not found for: b4:63:6f:94:c9:04:<Free Malware>
12-18 18:00:49.137  1391  1652 D ANQPRequestManager: Not allowed to send ANQP request to 198339166783752 for another 181 seconds
12-18 18:00:49.138  1391  1652 D PasspointManager: ANQP entry not found for: b4:63:6f:94:c9:08:<Free Malware>
12-18 18:00:49.138  1391  1652 D ANQPRequestManager: Not allowed to send ANQP request to 207371997227064 for another 181 seconds
12-18 18:00:49.138  1391  1652 D PasspointManager: ANQP entry not found for: bc:9a:8e:3b:28:38:<APM_SK>
12-18 18:00:49.138  1391  1652 D ANQPRequestManager: Not allowed to send ANQP request to 207371997227060 for another 501 seconds
12-18 18:00:49.140  1138  3546 I LOWI-8.6.0.75: [LOWI-Scan] lowi_close_record:Scan done in 34042560ms, 31 APs in scan results
12-18 18:00:49.139  1391  1652 D PasspointManager: ANQP entry not found for: bc:9a:8e:3b:28:34:<APM_SK>
12-18 18:00:49.140  1391  1652 D ANQPRequestManager: Not allowed to send ANQP request to 159225489408148 for another 2 seconds
12-18 18:00:49.141  1391  1652 D PasspointManager: ANQP entry not found for: 90:d0:92:bc:40:94:<batcave>
12-18 18:00:49.142  1391  1652 D WifiNetworkSelector: Current connected network: "Bali" , ID: 1
12-18 18:00:49.143  1391  1652 D WifiNetworkSelector: Current connected network already sufficient. Skip network selection.
12-18 18:00:53.601  1750  1750 D KeyguardUpdateMonitor: received broadcast android.intent.action.BATTERY_CHANGED
12-18 18:00:53.602  1989  1989 D QtiCarrierConfigHelper: WARNING, no carrier configs on phone Id: 0
12-18 18:00:53.606  1750  1750 D KeyguardUpdateMonitor: handleBatteryUpdate
12-18 18:00:59.729   630 17964 E ResolverController: No valid NAT64 prefix (100, <unspecified>/0)
12-18 18:01:00.097 24036 17932 W om.bnuttin.sPO: Long monitor contention with owner DefaultDispatcher-worker-13 (17930) at java.net.InetAddress[] libcore.io.Linux.android_getaddrinfo(java.lang.String, android.system.StructAddrinfo, int)(Linux.java:-2) waiters=0 in com.stripe.jvmcore.crpcclient.CrpcResponse com.stripe.jvmcore.crpcclient.CrpcClient.execute(okhttp3.Request, com.stripe.proto.net.rpc.base.RpcRequest, com.squareup.wire.Message, com.squareup.wire.ProtoAdapter) for 393ms
12-18 18:01:01.641  1750  1750 D KeyguardUpdateMonitor: received broadcast android.intent.action.BATTERY_CHANGED
12-18 18:01:01.641  1750  1750 D KeyguardUpdateMonitor: handleBatteryUpdate
12-18 18:01:01.645  1989  1989 D QtiCarrierConfigHelper: WARNING, no carrier configs on phone Id: 0
12-18 18:01:13.603  1391  2812 V LocSvc_HIDL_IzatProvider_jni: [onRemoveRequest][180] [HC] =>> [HS]
12-18 18:01:13.605   729   729 V LocSvc_HIDL_IzatProvider: [onRemoveRequest][210] [HS] <<<<= [HC]
12-18 18:01:13.606   729   729 I IzatSvc_IzatManager: LocTech-Label :: IZATMANAGER :: Remove Request In
12-18 18:01:13.606   729   729 I IzatSvc_IzatManager: LocTech-Value :: Provider: 2, Num Updates: 2147483647, TTFF: 0, Interval: 1800000, Displacement: 0.000000, Horizontal Accuracy: 1, Altitude Accuracy: 2, Bearing Accuracy: 2 InEmergency: 0
12-18 18:01:13.609  1391  1698 V LocSvc_HIDL_OsNpGlue_jni: [onStopRequest][68] [HC] <<= [HS]
12-18 18:01:13.619  1391  2812 W NpProxy : 
12-18 18:01:13.619  1391  2812 W NpProxy : java.lang.NullPointerException: Attempt to invoke virtual method 'void com.qualcomm.location.izatprovider.NpProxy$LocationController.setRequest(com.android.internal.location.ProviderRequest, android.os.WorkSource)' on a null object reference
12-18 18:01:13.619  1391  2812 W NpProxy : 	at com.qualcomm.location.izatprovider.NpProxy.setRequestTry(NpProxy.java:197)
12-18 18:01:13.619  1391  2812 W NpProxy : 	at com.qualcomm.location.izatprovider.NpProxy.handleMessage(NpProxy.java:273)
12-18 18:01:13.619  1391  2812 W NpProxy : 	at android.os.Handler.dispatchMessage(Handler.java:103)
12-18 18:01:13.619  1391  2812 W NpProxy : 	at android.os.Looper.loop(Looper.java:214)
12-18 18:01:13.619  1391  2812 W NpProxy : 	at android.os.HandlerThread.run(HandlerThread.java:67)
12-18 18:01:26.133  1750  1750 D KeyguardUpdateMonitor: received broadcast android.intent.action.BATTERY_CHANGED
12-18 18:01:26.136  1989  1989 D QtiCarrierConfigHelper: WARNING, no carrier configs on phone Id: 0
12-18 18:01:26.137  1750  1750 D KeyguardUpdateMonitor: handleBatteryUpdate
12-18 18:01:32.072  1391 30629 E DatabaseUtils: Writing exception to parcel
12-18 18:01:32.072  1391 30629 E DatabaseUtils: java.lang.SecurityException: com.stripe.reader was not granted  this permission: android.permission.WRITE_SETTINGS.
12-18 18:01:32.072  1391 30629 E DatabaseUtils: 	at android.provider.Settings.isCallingPackageAllowedToPerformAppOpsProtectedOperation(Settings.java:15609)
12-18 18:01:32.072  1391 30629 E DatabaseUtils: 	at android.provider.Settings.checkAndNoteWriteSettingsOperation(Settings.java:15489)
12-18 18:01:32.072  1391 30629 E DatabaseUtils: 	at com.android.providers.settings.SettingsProvider.mutateSystemSetting(SettingsProvider.java:1701)
12-18 18:01:32.072  1391 30629 E DatabaseUtils: 	at com.android.providers.settings.SettingsProvider.insertSystemSetting(SettingsProvider.java:1676)
12-18 18:01:32.072  1391 30629 E DatabaseUtils: 	at com.android.providers.settings.SettingsProvider.call(SettingsProvider.java:442)
12-18 18:01:32.072  1391 30629 E DatabaseUtils: 	at android.content.ContentProvider.call(ContentProvider.java:2152)
12-18 18:01:32.072  1391 30629 E DatabaseUtils: 	at android.content.ContentProvider$Transport.call(ContentProvider.java:477)
12-18 18:01:32.072  1391 30629 E DatabaseUtils: 	at android.content.ContentProviderNative.onTransact(ContentProviderNative.java:277)
12-18 18:01:32.072  1391 30629 E DatabaseUtils: 	at android.os.Binder.execTransactInternal(Binder.java:1021)
12-18 18:01:32.072  1391 30629 E DatabaseUtils: 	at android.os.Binder.execTransact(Binder.java:994)
12-18 18:01:58.556  1750  1750 D KeyguardUpdateMonitor: received broadcast android.intent.action.BATTERY_CHANGED
12-18 18:01:58.559  1989  1989 D QtiCarrierConfigHelper: WARNING, no carrier configs on phone Id: 0
12-18 18:01:58.562  1750  1750 D KeyguardUpdateMonitor: handleBatteryUpdate
12-18 18:02:14.290  1750  1750 D KeyguardUpdateMonitor: received broadcast android.intent.action.BATTERY_CHANGED
12-18 18:02:14.292  1989  1989 D QtiCarrierConfigHelper: WARNING, no carrier configs on phone Id: 0
12-18 18:02:14.293  1750  1750 D KeyguardUpdateMonitor: handleBatteryUpdate
12-18 18:02:14.871  1750  1750 D KeyguardUpdateMonitor: received broadcast android.intent.action.BATTERY_CHANGED
12-18 18:02:14.873  1989  1989 D QtiCarrierConfigHelper: WARNING, no carrier configs on phone Id: 0
12-18 18:02:14.879  1750  1750 D KeyguardUpdateMonitor: handleBatteryUpdate
12-18 18:02:22.983  1750  1750 D KeyguardUpdateMonitor: received broadcast android.intent.action.BATTERY_CHANGED
12-18 18:02:22.984  1989  1989 D QtiCarrierConfigHelper: WARNING, no carrier configs on phone Id: 0
12-18 18:02:22.987  1750  1750 D KeyguardUpdateMonitor: handleBatteryUpdate
12-18 18:02:32.102  1391  2315 E DatabaseUtils: Writing exception to parcel
12-18 18:02:32.102  1391  2315 E DatabaseUtils: java.lang.SecurityException: com.stripe.reader was not granted  this permission: android.permission.WRITE_SETTINGS.
12-18 18:02:32.102  1391  2315 E DatabaseUtils: 	at android.provider.Settings.isCallingPackageAllowedToPerformAppOpsProtectedOperation(Settings.java:15609)
12-18 18:02:32.102  1391  2315 E DatabaseUtils: 	at android.provider.Settings.checkAndNoteWriteSettingsOperation(Settings.java:15489)
12-18 18:02:32.102  1391  2315 E DatabaseUtils: 	at com.android.providers.settings.SettingsProvider.mutateSystemSetting(SettingsProvider.java:1701)
12-18 18:02:32.102  1391  2315 E DatabaseUtils: 	at com.android.providers.settings.SettingsProvider.insertSystemSetting(SettingsProvider.java:1676)
12-18 18:02:32.102  1391  2315 E DatabaseUtils: 	at com.android.providers.settings.SettingsProvider.call(SettingsProvider.java:442)
12-18 18:02:32.102  1391  2315 E DatabaseUtils: 	at android.content.ContentProvider.call(ContentProvider.java:2152)
12-18 18:02:32.102  1391  2315 E DatabaseUtils: 	at android.content.ContentProvider$Transport.call(ContentProvider.java:477)
12-18 18:02:32.102  1391  2315 E DatabaseUtils: 	at android.content.ContentProviderNative.onTransact(ContentProviderNative.java:277)
12-18 18:02:32.102  1391  2315 E DatabaseUtils: 	at android.os.Binder.execTransactInternal(Binder.java:1021)
12-18 18:02:32.102  1391  2315 E DatabaseUtils: 	at android.os.Binder.execTransact(Binder.java:994)
12-18 18:02:39.229  1750  1750 D KeyguardUpdateMonitor: received broadcast android.intent.action.BATTERY_CHANGED
12-18 18:02:39.231  1989  1989 D QtiCarrierConfigHelper: WARNING, no carrier configs on phone Id: 0
12-18 18:02:39.237  1750  1750 D KeyguardUpdateMonitor: handleBatteryUpdate
12-18 18:02:47.389  1750  1750 D KeyguardUpdateMonitor: received broadcast android.intent.action.BATTERY_CHANGED
12-18 18:02:47.390  1989  1989 D QtiCarrierConfigHelper: WARNING, no carrier configs on phone Id: 0
12-18 18:02:47.396  1750  1750 D KeyguardUpdateMonitor: handleBatteryUpdate
12-18 18:02:54.696   723   723 D vendor.qti.bluetooth@1.0-ibs_handler: SerialClockVote: vote for UART CLK ON
12-18 18:02:54.697   723   723 D vendor.qti.bluetooth@1.0-wake_lock: Acquire wakelock is acquired 
12-18 18:02:54.697   723   723 I vendor.qti.bluetooth@1.0-ibs_handler: DeviceWakeUp: Writing IBS_WAKE_IND
12-18 18:02:54.700  1989  1989 E PhoneInterfaceManager: [PhoneIntfMgr] queryModemActivityInfo: Empty response
12-18 18:02:54.702   723  2362 I vendor.qti.bluetooth@1.0-ibs_handler: ProcessIbsCmd: Received IBS_WAKE_ACK: 0xFC
12-18 18:02:54.705   723  2362 I vendor.qti.bluetooth@1.0-ibs_handler: ProcessIbsCmd: Received IBS_WAKE_IND: 0xFD
12-18 18:02:54.705   723  2362 I vendor.qti.bluetooth@1.0-ibs_handler: ProcessIbsCmd: Writing IBS_WAKE_ACK
12-18 18:02:54.747   723  2362 I vendor.qti.bluetooth@1.0-ibs_handler: ProcessIbsCmd: Received IBS_SLEEP_IND: 0xFE
12-18 18:02:54.751   630   630 I netd    : trafficSwapActiveStatsMap() <2.36ms>
12-18 18:02:54.769   630   630 I netd    : tetherGetStats() <4.39ms>
12-18 18:02:54.774  1391  1490 W BatteryExternalStatsWorker: modem info is invalid: ModemActivityInfo{ mTimestamp=0 mSleepTimeMs=0 mIdleTimeMs=0 mTxTimeMs[]=[0, 0, 0, 0, 0] mRxTimeMs=0 mEnergyUsed=0}
12-18 18:02:55.551  1750  1750 D KeyguardUpdateMonitor: received broadcast android.intent.action.BATTERY_CHANGED
12-18 18:02:55.552  1989  1989 D QtiCarrierConfigHelper: WARNING, no carrier configs on phone Id: 0
12-18 18:02:55.557  1750  1750 D KeyguardUpdateMonitor: handleBatteryUpdate
12-18 18:02:55.706   723  2371 I vendor.qti.bluetooth@1.0-ibs_handler: DeviceSleep: TX Awake, Sending SLEEP_IND
12-18 18:02:55.707   723  2371 D vendor.qti.bluetooth@1.0-ibs_handler: SerialClockVote: vote for UART CLK OFF
12-18 18:02:55.858   723  2200 D vendor.qti.bluetooth@1.0-wake_lock: Release wakelock is released 
12-18 18:03:11.755  1750  1750 D KeyguardUpdateMonitor: received broadcast android.intent.action.BATTERY_CHANGED
12-18 18:03:11.755  1750  1750 D KeyguardUpdateMonitor: handleBatteryUpdate
12-18 18:03:11.757  1989  1989 D QtiCarrierConfigHelper: WARNING, no carrier configs on phone Id: 0
12-18 18:03:14.312  1750  1750 D KeyguardUpdateMonitor: received broadcast android.intent.action.BATTERY_CHANGED
12-18 18:03:14.315  1989  1989 D QtiCarrierConfigHelper: WARNING, no carrier configs on phone Id: 0
12-18 18:03:14.319  1750  1750 D KeyguardUpdateMonitor: handleBatteryUpdate
12-18 18:03:19.905  1750  1750 D KeyguardUpdateMonitor: received broadcast android.intent.action.BATTERY_CHANGED
12-18 18:03:19.911  1750  1750 D KeyguardUpdateMonitor: handleBatteryUpdate
12-18 18:03:19.911  1989  1989 D QtiCarrierConfigHelper: WARNING, no carrier configs on phone Id: 0
12-18 18:03:25.943  1750  1750 D KeyguardUpdateMonitor: received broadcast android.intent.action.TIME_TICK
12-18 18:03:25.945  1750  1750 D KeyguardUpdateMonitor: handleTimeUpdate
12-18 18:03:25.948  1750  1750 D KeyguardClockSwitch: Updating clock: 603
12-18 18:03:25.969   630   630 I netd    : trafficSwapActiveStatsMap() <5.90ms>
12-18 18:03:25.982   630   630 I netd    : tetherGetStats() <4.70ms>
12-18 18:03:26.083   630   630 I netd    : bandwidthSetGlobalAlert(2097152) <1.52ms>
12-18 18:03:26.088  1391  1644 W ProcessStats: Tracking association SourceState{36ee6bd com.bnuttin.sPOS/10130 Top #2156} whose proc state 1 is better than process ProcessState{3b404b2 com.stripe.reader/10127 pkg=com.stripe.reader} proc state 2 (57 skipped)
12-18 18:03:30.585   723  2364 D vendor.qti.bluetooth@1.0-health-info: ReportHealthInfo:statistics:
12-18 18:03:30.585   723  2364 D vendor.qti.bluetooth@1.0-health-info: ts <00:03:30:585715> rx_vote:0, tx_vote:0, wake_lock holding:0, maximum rx sleep-wake-interval:900sec, maximum tx packet-interval:900secWake_Req sent out:2, Wake_Req received:2Sleep_Ind sent out:2, Sleep_Ind received:2
12-18 18:03:31.730   723   723 D vendor.qti.bluetooth@1.0-ibs_handler: SerialClockVote: vote for UART CLK ON
12-18 18:03:31.730   723   723 D vendor.qti.bluetooth@1.0-wake_lock: Acquire wakelock is acquired 
12-18 18:03:31.730   723   723 I vendor.qti.bluetooth@1.0-ibs_handler: DeviceWakeUp: Writing IBS_WAKE_IND
12-18 18:03:31.731   723  2362 I vendor.qti.bluetooth@1.0-ibs_handler: ProcessIbsCmd: Received IBS_WAKE_ACK: 0xFC
12-18 18:03:31.733   723  2362 I vendor.qti.bluetooth@1.0-ibs_handler: ProcessIbsCmd: Received IBS_WAKE_IND: 0xFD
12-18 18:03:31.734   723  2362 I vendor.qti.bluetooth@1.0-ibs_handler: ProcessIbsCmd: Writing IBS_WAKE_ACK
12-18 18:03:31.737  1722  2366 I bt_stack: [INFO:btm_ble_bgconn.cc(420)] Already connection initiated (or) No Pending connections(or) Resources of lcb are exhausted
12-18 18:03:31.781   723  2362 I vendor.qti.bluetooth@1.0-ibs_handler: ProcessIbsCmd: Received IBS_SLEEP_IND: 0xFE
12-18 18:03:32.129  1391 30629 E DatabaseUtils: Writing exception to parcel
12-18 18:03:32.129  1391 30629 E DatabaseUtils: java.lang.SecurityException: com.stripe.reader was not granted  this permission: android.permission.WRITE_SETTINGS.
12-18 18:03:32.129  1391 30629 E DatabaseUtils: 	at android.provider.Settings.isCallingPackageAllowedToPerformAppOpsProtectedOperation(Settings.java:15609)
12-18 18:03:32.129  1391 30629 E DatabaseUtils: 	at android.provider.Settings.checkAndNoteWriteSettingsOperation(Settings.java:15489)
12-18 18:03:32.129  1391 30629 E DatabaseUtils: 	at com.android.providers.settings.SettingsProvider.mutateSystemSetting(SettingsProvider.java:1701)
12-18 18:03:32.129  1391 30629 E DatabaseUtils: 	at com.android.providers.settings.SettingsProvider.insertSystemSetting(SettingsProvider.java:1676)
12-18 18:03:32.129  1391 30629 E DatabaseUtils: 	at com.android.providers.settings.SettingsProvider.call(SettingsProvider.java:442)
12-18 18:03:32.129  1391 30629 E DatabaseUtils: 	at android.content.ContentProvider.call(ContentProvider.java:2152)
12-18 18:03:32.129  1391 30629 E DatabaseUtils: 	at android.content.ContentProvider$Transport.call(ContentProvider.java:477)
12-18 18:03:32.129  1391 30629 E DatabaseUtils: 	at android.content.ContentProviderNative.onTransact(ContentProviderNative.java:277)
12-18 18:03:32.129  1391 30629 E DatabaseUtils: 	at android.os.Binder.execTransactInternal(Binder.java:1021)
12-18 18:03:32.129  1391 30629 E DatabaseUtils: 	at android.os.Binder.execTransact(Binder.java:994)
12-18 18:03:32.739   723  2371 I vendor.qti.bluetooth@1.0-ibs_handler: DeviceSleep: TX Awake, Sending SLEEP_IND
12-18 18:03:32.740   723  2371 D vendor.qti.bluetooth@1.0-ibs_handler: SerialClockVote: vote for UART CLK OFF
12-18 18:03:32.892   723  2200 D vendor.qti.bluetooth@1.0-wake_lock: Release wakelock is released 
12-18 18:03:44.250  1750  1750 D KeyguardUpdateMonitor: received broadcast android.intent.action.BATTERY_CHANGED
12-18 18:03:44.251  1989  1989 D QtiCarrierConfigHelper: WARNING, no carrier configs on phone Id: 0
12-18 18:03:44.256  1750  1750 D KeyguardUpdateMonitor: handleBatteryUpdate
12-18 18:03:46.632   630 18286 E ResolverController: No valid NAT64 prefix (100, <unspecified>/0)
12-18 18:03:47.052  2823  2843 I .stripe.update: Background concurrent copying GC freed 174003(6658KB) AllocSpace objects, 16(568KB) LOS objects, 49% free, 7185KB/14MB, paused 110us total 112.993ms
12-18 18:03:47.401   630 18292 E ResolverController: No valid NAT64 prefix (100, <unspecified>/0)
12-18 18:03:52.438  1750  1750 D KeyguardUpdateMonitor: received broadcast android.intent.action.BATTERY_CHANGED
12-18 18:03:52.439  1989  1989 D QtiCarrierConfigHelper: WARNING, no carrier configs on phone Id: 0
12-18 18:03:52.443  1750  1750 D KeyguardUpdateMonitor: handleBatteryUpdate
12-18 18:04:14.290  1750  1750 D KeyguardUpdateMonitor: received broadcast android.intent.action.BATTERY_CHANGED
12-18 18:04:14.291  1989  1989 D QtiCarrierConfigHelper: WARNING, no carrier configs on phone Id: 0
12-18 18:04:14.295  1750  1750 D KeyguardUpdateMonitor: handleBatteryUpdate
12-18 18:04:24.955  1750  1750 D KeyguardUpdateMonitor: received broadcast android.intent.action.BATTERY_CHANGED
12-18 18:04:24.956  1989  1989 D QtiCarrierConfigHelper: WARNING, no carrier configs on phone Id: 0
12-18 18:04:24.959  1750  1750 D KeyguardUpdateMonitor: handleBatteryUpdate
12-18 18:04:26.528   739   739 D ThermalHAL-TARGET: Entering get_temperatures
12-18 18:04:26.529   739   739 D ThermalHAL-TARGET: Entering get_temperatures
12-18 18:04:26.530   739   739 D ThermalHAL-UTIL: Entering get_temperature_for_all
12-18 18:04:26.530   739   739 D ThermalHAL-UTIL: Entering read_temperature
12-18 18:04:26.546   739   739 I chatty  : uid=1000(system) thermal@1.0-ser identical 9 lines
12-18 18:04:26.588   739   739 D ThermalHAL-UTIL: Entering read_temperature
12-18 18:04:26.601   739   739 D ThermalHAL-TARGET: Entering get_temperatures
12-18 18:04:26.602   739   739 D ThermalHAL-TARGET: Entering get_temperatures
12-18 18:04:26.602   739   739 D ThermalHAL-UTIL: Entering get_temperature_for_all
12-18 18:04:26.603   739   739 D ThermalHAL-UTIL: Entering read_temperature
12-18 18:04:26.625   739   739 I chatty  : uid=1000(system) thermal@1.0-ser identical 9 lines
12-18 18:04:26.638   739   739 D ThermalHAL-UTIL: Entering read_temperature
12-18 18:04:26.643   739   739 D ThermalHAL-TARGET: Entering get_temperatures
12-18 18:04:26.643   739   739 D ThermalHAL-TARGET: Entering get_temperatures
12-18 18:04:26.643   739   739 D ThermalHAL-UTIL: Entering get_temperature_for_all
12-18 18:04:26.643   739   739 D ThermalHAL-UTIL: Entering read_temperature
12-18 18:04:26.649   739   739 I chatty  : uid=1000(system) thermal@1.0-ser identical 9 lines
12-18 18:04:26.686   739   739 D ThermalHAL-UTIL: Entering read_temperature
12-18 18:04:26.700   739   739 D ThermalHAL-TARGET: Entering get_temperatures
12-18 18:04:26.701   739   739 D ThermalHAL-TARGET: Entering get_temperatures
12-18 18:04:26.701   739   739 D ThermalHAL-UTIL: Entering get_temperature_for_all
12-18 18:04:26.701   739   739 D ThermalHAL-UTIL: Entering read_temperature
12-18 18:04:26.719   739   739 I chatty  : uid=1000(system) thermal@1.0-ser identical 9 lines
12-18 18:04:26.733   739   739 D ThermalHAL-UTIL: Entering read_temperature
12-18 18:04:26.738   739   739 D ThermalHAL-TARGET: Entering get_temperatures
12-18 18:04:26.738   739   739 D ThermalHAL-TARGET: Entering get_temperatures
12-18 18:04:26.739   739   739 D ThermalHAL-UTIL: Entering get_temperature_for_all
12-18 18:04:26.739   739   739 D ThermalHAL-UTIL: Entering read_temperature
12-18 18:04:26.742   739   739 I chatty  : uid=1000(system) thermal@1.0-ser identical 9 lines
12-18 18:04:26.785   739   739 D ThermalHAL-UTIL: Entering read_temperature
12-18 18:04:26.792   739   739 D ThermalHAL-TARGET: Entering get_temperatures
12-18 18:04:26.793   739   739 D ThermalHAL-TARGET: Entering get_temperatures
12-18 18:04:26.793   739   739 D ThermalHAL-UTIL: Entering get_temperature_for_all
12-18 18:04:26.793   739   739 D ThermalHAL-UTIL: Entering read_temperature
12-18 18:04:26.801   739   739 I chatty  : uid=1000(system) thermal@1.0-ser identical 9 lines
12-18 18:04:26.815   739   739 D ThermalHAL-UTIL: Entering read_temperature
12-18 18:04:26.823   739   739 D ThermalHAL-TARGET: Entering get_temperatures
12-18 18:04:26.823   739   739 D ThermalHAL-TARGET: Entering get_temperatures
12-18 18:04:26.823   739   739 D ThermalHAL-UTIL: Entering get_temperature_for_all
12-18 18:04:26.823   739   739 D ThermalHAL-UTIL: Entering read_temperature
12-18 18:04:26.828   739   739 I chatty  : uid=1000(system) thermal@1.0-ser identical 9 lines
12-18 18:04:26.886   739   739 D ThermalHAL-UTIL: Entering read_temperature
12-18 18:04:26.900   739   739 D ThermalHAL-TARGET: Entering get_temperatures
12-18 18:04:26.900   739   739 D ThermalHAL-TARGET: Entering get_temperatures
12-18 18:04:26.900   739   739 D ThermalHAL-UTIL: Entering get_temperature_for_all
12-18 18:04:26.901   739   739 D ThermalHAL-UTIL: Entering read_temperature
12-18 18:04:26.909   739   739 I chatty  : uid=1000(system) thermal@1.0-ser identical 9 lines
12-18 18:04:26.921   739   739 D ThermalHAL-UTIL: Entering read_temperature
12-18 18:04:26.927   739   739 D ThermalHAL-TARGET: Entering get_temperatures
12-18 18:04:26.927   739   739 D ThermalHAL-TARGET: Entering get_temperatures
12-18 18:04:26.927   739   739 D ThermalHAL-UTIL: Entering get_temperature_for_all
12-18 18:04:26.927   739   739 D ThermalHAL-UTIL: Entering read_temperature
12-18 18:04:26.933   739   739 I chatty  : uid=1000(system) thermal@1.0-ser identical 9 lines
12-18 18:04:26.985   739   739 D ThermalHAL-UTIL: Entering read_temperature
12-18 18:04:26.997   739   739 D ThermalHAL-TARGET: Entering get_temperatures
12-18 18:04:26.998   739   739 D ThermalHAL-TARGET: Entering get_temperatures
12-18 18:04:26.998   739   739 D ThermalHAL-UTIL: Entering get_temperature_for_all
12-18 18:04:26.999   739   739 D ThermalHAL-UTIL: Entering read_temperature
12-18 18:04:27.020   739   739 I chatty  : uid=1000(system) thermal@1.0-ser identical 9 lines
12-18 18:04:27.034   739   739 D ThermalHAL-UTIL: Entering read_temperature
12-18 18:04:27.039   739   739 D ThermalHAL-TARGET: Entering get_temperatures
12-18 18:04:27.040   739   739 D ThermalHAL-TARGET: Entering get_temperatures
12-18 18:04:27.040   739   739 D ThermalHAL-UTIL: Entering get_temperature_for_all
12-18 18:04:27.040   739   739 D ThermalHAL-UTIL: Entering read_temperature
12-18 18:04:27.043   739   739 I chatty  : uid=1000(system) thermal@1.0-ser identical 9 lines
12-18 18:04:27.085   739   739 D ThermalHAL-UTIL: Entering read_temperature
12-18 18:04:27.098   739   739 D ThermalHAL-TARGET: Entering get_temperatures
12-18 18:04:27.098   739   739 D ThermalHAL-TARGET: Entering get_temperatures
12-18 18:04:27.098   739   739 D ThermalHAL-UTIL: Entering get_temperature_for_all
12-18 18:04:27.099   739   739 D ThermalHAL-UTIL: Entering read_temperature
12-18 18:04:27.107   739   739 I chatty  : uid=1000(system) thermal@1.0-ser identical 9 lines
12-18 18:04:27.119   739   739 D ThermalHAL-UTIL: Entering read_temperature
12-18 18:04:27.125   739   739 D ThermalHAL-TARGET: Entering get_temperatures
12-18 18:04:27.125   739   739 D ThermalHAL-TARGET: Entering get_temperatures
12-18 18:04:27.125   739   739 D ThermalHAL-UTIL: Entering get_temperature_for_all
12-18 18:04:27.125   739   739 D ThermalHAL-UTIL: Entering read_temperature
12-18 18:04:27.131   739   739 I chatty  : uid=1000(system) thermal@1.0-ser identical 9 lines
12-18 18:04:27.183   739   739 D ThermalHAL-UTIL: Entering read_temperature
12-18 18:04:27.196   739   739 D ThermalHAL-TARGET: Entering get_temperatures
12-18 18:04:27.197   739   739 D ThermalHAL-TARGET: Entering get_temperatures
12-18 18:04:27.198   739   739 D ThermalHAL-UTIL: Entering get_temperature_for_all
12-18 18:04:27.198   739   739 D ThermalHAL-UTIL: Entering read_temperature
12-18 18:04:27.218   739   739 I chatty  : uid=1000(system) thermal@1.0-ser identical 9 lines
12-18 18:04:27.232   739   739 D ThermalHAL-UTIL: Entering read_temperature
12-18 18:04:27.239   739   739 D ThermalHAL-TARGET: Entering get_temperatures
12-18 18:04:27.239   739   739 D ThermalHAL-TARGET: Entering get_temperatures
12-18 18:04:27.239   739   739 D ThermalHAL-UTIL: Entering get_temperature_for_all
12-18 18:04:27.239   739   739 D ThermalHAL-UTIL: Entering read_temperature
12-18 18:04:27.246   739   739 I chatty  : uid=1000(system) thermal@1.0-ser identical 9 lines
12-18 18:04:27.283   739   739 D ThermalHAL-UTIL: Entering read_temperature
12-18 18:04:27.296   739   739 D ThermalHAL-TARGET: Entering get_temperatures
12-18 18:04:27.297   739   739 D ThermalHAL-TARGET: Entering get_temperatures
12-18 18:04:27.297   739   739 D ThermalHAL-UTIL: Entering get_temperature_for_all
12-18 18:04:27.297   739   739 D ThermalHAL-UTIL: Entering read_temperature
12-18 18:04:27.307   739   739 I chatty  : uid=1000(system) thermal@1.0-ser identical 9 lines
12-18 18:04:27.319   739   739 D ThermalHAL-UTIL: Entering read_temperature
12-18 18:04:32.158  1391  1866 E DatabaseUtils: Writing exception to parcel
12-18 18:04:32.158  1391  1866 E DatabaseUtils: java.lang.SecurityException: com.stripe.reader was not granted  this permission: android.permission.WRITE_SETTINGS.
12-18 18:04:32.158  1391  1866 E DatabaseUtils: 	at android.provider.Settings.isCallingPackageAllowedToPerformAppOpsProtectedOperation(Settings.java:15609)
12-18 18:04:32.158  1391  1866 E DatabaseUtils: 	at android.provider.Settings.checkAndNoteWriteSettingsOperation(Settings.java:15489)
12-18 18:04:32.158  1391  1866 E DatabaseUtils: 	at com.android.providers.settings.SettingsProvider.mutateSystemSetting(SettingsProvider.java:1701)
12-18 18:04:32.158  1391  1866 E DatabaseUtils: 	at com.android.providers.settings.SettingsProvider.insertSystemSetting(SettingsProvider.java:1676)
12-18 18:04:32.158  1391  1866 E DatabaseUtils: 	at com.android.providers.settings.SettingsProvider.call(SettingsProvider.java:442)
12-18 18:04:32.158  1391  1866 E DatabaseUtils: 	at android.content.ContentProvider.call(ContentProvider.java:2152)
12-18 18:04:32.158  1391  1866 E DatabaseUtils: 	at android.content.ContentProvider$Transport.call(ContentProvider.java:477)
12-18 18:04:32.158  1391  1866 E DatabaseUtils: 	at android.content.ContentProviderNative.onTransact(ContentProviderNative.java:277)
12-18 18:04:32.158  1391  1866 E DatabaseUtils: 	at android.os.Binder.execTransactInternal(Binder.java:1021)
12-18 18:04:32.158  1391  1866 E DatabaseUtils: 	at android.os.Binder.execTransact(Binder.java:994)
12-18 18:04:33.114  1750  1750 D KeyguardUpdateMonitor: received broadcast android.intent.action.BATTERY_CHANGED
12-18 18:04:33.115  1989  1989 D QtiCarrierConfigHelper: WARNING, no carrier configs on phone Id: 0
12-18 18:04:33.119  1750  1750 D KeyguardUpdateMonitor: handleBatteryUpdate
12-18 18:04:41.255  1750  1750 D KeyguardUpdateMonitor: received broadcast android.intent.action.BATTERY_CHANGED
12-18 18:04:41.256  1989  1989 D QtiCarrierConfigHelper: WARNING, no carrier configs on phone Id: 0
12-18 18:04:41.259  1750  1750 D KeyguardUpdateMonitor: handleBatteryUpdate
12-18 18:04:42.977     0     0 W swapper/7: type=1400 audit(0.0:2492): avc: denied { kill } for capability=5 scontext=u:r:kernel:s0 tcontext=u:r:kernel:s0 tclass=capability permissive=0
12-18 18:04:57.473  1750  1750 D KeyguardUpdateMonitor: received broadcast android.intent.action.BATTERY_CHANGED
12-18 18:04:57.476  1989  1989 D QtiCarrierConfigHelper: WARNING, no carrier configs on phone Id: 0
12-18 18:04:57.477  1750  1750 D KeyguardUpdateMonitor: handleBatteryUpdate
12-18 18:05:05.630  1750  1750 D KeyguardUpdateMonitor: received broadcast android.intent.action.BATTERY_CHANGED
12-18 18:05:05.634  1989  1989 D QtiCarrierConfigHelper: WARNING, no carrier configs on phone Id: 0
12-18 18:05:05.636  1750  1750 D KeyguardUpdateMonitor: handleBatteryUpdate
12-18 18:05:13.776  1750  1750 D KeyguardUpdateMonitor: received broadcast android.intent.action.BATTERY_CHANGED
12-18 18:05:13.777  1989  1989 D QtiCarrierConfigHelper: WARNING, no carrier configs on phone Id: 0
12-18 18:05:13.780  1750  1750 D KeyguardUpdateMonitor: handleBatteryUpdate
12-18 18:05:14.292  1750  1750 D KeyguardUpdateMonitor: received broadcast android.intent.action.BATTERY_CHANGED
12-18 18:05:14.294  1989  1989 D QtiCarrierConfigHelper: WARNING, no carrier configs on phone Id: 0
12-18 18:05:14.297  1750  1750 D KeyguardUpdateMonitor: handleBatteryUpdate
12-18 18:05:19.535  1391  2315 W ProcessStats: Tracking association SourceState{36ee6bd com.bnuttin.sPOS/10130 Top #2159} whose proc state 1 is better than process ProcessState{3b404b2 com.stripe.reader/10127 pkg=com.stripe.reader} proc state 2 (1 skipped)
12-18 18:05:29.478  1391  1631 V InputDispatcher: Asynchronous input event injection succeeded.
12-18 18:05:29.483 24036 24036 W ViewRootImpl[MainActivity]: Cancelling event due to no window focus: MotionEvent { action=ACTION_CANCEL, actionButton=0, id[0]=0, x[0]=0.0, y[0]=301.0, toolType[0]=TOOL_TYPE_MOUSE, buttonState=0, classification=NONE, metaState=0, flags=0x0, edgeFlags=0x0, pointerCount=1, historySize=0, eventTime=34355096, downTime=30550412, deviceId=0, source=0x2002, displayId=0 }
12-18 18:05:29.704  1391  1631 I chatty  : uid=1000(system) InputDispatcher identical 14 lines
12-18 18:05:29.724  1391  1631 V InputDispatcher: Asynchronous input event injection succeeded.
12-18 18:05:29.968  1750  1750 D KeyguardUpdateMonitor: received broadcast android.intent.action.BATTERY_CHANGED
12-18 18:05:29.972  1989  1989 D QtiCarrierConfigHelper: WARNING, no carrier configs on phone Id: 0
12-18 18:05:29.975  1750  1750 D KeyguardUpdateMonitor: handleBatteryUpdate
12-18 18:05:32.182  1391  4081 E DatabaseUtils: Writing exception to parcel
12-18 18:05:32.182  1391  4081 E DatabaseUtils: java.lang.SecurityException: com.stripe.reader was not granted  this permission: android.permission.WRITE_SETTINGS.
12-18 18:05:32.182  1391  4081 E DatabaseUtils: 	at android.provider.Settings.isCallingPackageAllowedToPerformAppOpsProtectedOperation(Settings.java:15609)
12-18 18:05:32.182  1391  4081 E DatabaseUtils: 	at android.provider.Settings.checkAndNoteWriteSettingsOperation(Settings.java:15489)
12-18 18:05:32.182  1391  4081 E DatabaseUtils: 	at com.android.providers.settings.SettingsProvider.mutateSystemSetting(SettingsProvider.java:1701)
12-18 18:05:32.182  1391  4081 E DatabaseUtils: 	at com.android.providers.settings.SettingsProvider.insertSystemSetting(SettingsProvider.java:1676)
12-18 18:05:32.182  1391  4081 E DatabaseUtils: 	at com.android.providers.settings.SettingsProvider.call(SettingsProvider.java:442)
12-18 18:05:32.182  1391  4081 E DatabaseUtils: 	at android.content.ContentProvider.call(ContentProvider.java:2152)
12-18 18:05:32.182  1391  4081 E DatabaseUtils: 	at android.content.ContentProvider$Transport.call(ContentProvider.java:477)
12-18 18:05:32.182  1391  4081 E DatabaseUtils: 	at android.content.ContentProviderNative.onTransact(ContentProviderNative.java:277)
12-18 18:05:32.182  1391  4081 E DatabaseUtils: 	at android.os.Binder.execTransactInternal(Binder.java:1021)
12-18 18:05:32.182  1391  4081 E DatabaseUtils: 	at android.os.Binder.execTransact(Binder.java:994)
12-18 18:05:38.142  1750  1750 D KeyguardUpdateMonitor: received broadcast android.intent.action.BATTERY_CHANGED
12-18 18:05:38.146  1989  1989 D QtiCarrierConfigHelper: WARNING, no carrier configs on phone Id: 0
12-18 18:05:38.147  1750  1750 D KeyguardUpdateMonitor: handleBatteryUpdate
12-18 18:05:46.293  1750  1750 D KeyguardUpdateMonitor: received broadcast android.intent.action.BATTERY_CHANGED
12-18 18:05:46.296  1989  1989 D QtiCarrierConfigHelper: WARNING, no carrier configs on phone Id: 0
12-18 18:05:46.301  1750  1750 D KeyguardUpdateMonitor: handleBatteryUpdate
12-18 18:06:02.528  1750  1750 D KeyguardUpdateMonitor: received broadcast android.intent.action.BATTERY_CHANGED
12-18 18:06:02.532  1989  1989 D QtiCarrierConfigHelper: WARNING, no carrier configs on phone Id: 0
12-18 18:06:02.534  1750  1750 D KeyguardUpdateMonitor: handleBatteryUpdate
12-18 18:06:05.425   630 18577 E ResolverController: No valid NAT64 prefix (100, <unspecified>/0)
12-18 18:06:06.020  1391  2315 D AlarmManagerService: Kernel timezone updated to 360 minutes west of GMT
12-18 18:06:10.676  1750  1750 D KeyguardUpdateMonitor: received broadcast android.intent.action.BATTERY_CHANGED
12-18 18:06:10.677  1989  1989 D QtiCarrierConfigHelper: WARNING, no carrier configs on phone Id: 0
12-18 18:06:10.679  1750  1750 D KeyguardUpdateMonitor: handleBatteryUpdate
12-18 18:06:14.331  1750  1750 D KeyguardUpdateMonitor: received broadcast android.intent.action.BATTERY_CHANGED
12-18 18:06:14.333  1989  1989 D QtiCarrierConfigHelper: WARNING, no carrier configs on phone Id: 0
12-18 18:06:14.336  1750  1750 D KeyguardUpdateMonitor: handleBatteryUpdate
12-18 18:06:18.058   630 18610 E ResolverController: No valid NAT64 prefix (100, <unspecified>/0)
12-18 18:06:26.969  1750  1750 D KeyguardUpdateMonitor: received broadcast android.intent.action.BATTERY_CHANGED
12-18 18:06:26.973  1989  1989 D QtiCarrierConfigHelper: WARNING, no carrier configs on phone Id: 0
12-18 18:06:26.977  1750  1750 D KeyguardUpdateMonitor: handleBatteryUpdate
12-18 18:06:32.208  1391 30629 E DatabaseUtils: Writing exception to parcel
12-18 18:06:32.208  1391 30629 E DatabaseUtils: java.lang.SecurityException: com.stripe.reader was not granted  this permission: android.permission.WRITE_SETTINGS.
12-18 18:06:32.208  1391 30629 E DatabaseUtils: 	at android.provider.Settings.isCallingPackageAllowedToPerformAppOpsProtectedOperation(Settings.java:15609)
12-18 18:06:32.208  1391 30629 E DatabaseUtils: 	at android.provider.Settings.checkAndNoteWriteSettingsOperation(Settings.java:15489)
12-18 18:06:32.208  1391 30629 E DatabaseUtils: 	at com.android.providers.settings.SettingsProvider.mutateSystemSetting(SettingsProvider.java:1701)
12-18 18:06:32.208  1391 30629 E DatabaseUtils: 	at com.android.providers.settings.SettingsProvider.insertSystemSetting(SettingsProvider.java:1676)
12-18 18:06:32.208  1391 30629 E DatabaseUtils: 	at com.android.providers.settings.SettingsProvider.call(SettingsProvider.java:442)
12-18 18:06:32.208  1391 30629 E DatabaseUtils: 	at android.content.ContentProvider.call(ContentProvider.java:2152)
12-18 18:06:32.208  1391 30629 E DatabaseUtils: 	at android.content.ContentProvider$Transport.call(ContentProvider.java:477)
12-18 18:06:32.208  1391 30629 E DatabaseUtils: 	at android.content.ContentProviderNative.onTransact(ContentProviderNative.java:277)
12-18 18:06:32.208  1391 30629 E DatabaseUtils: 	at android.os.Binder.execTransactInternal(Binder.java:1021)
12-18 18:06:32.208  1391 30629 E DatabaseUtils: 	at android.os.Binder.execTransact(Binder.java:994)
12-18 18:06:35.027  1750  1750 D KeyguardUpdateMonitor: received broadcast android.intent.action.BATTERY_CHANGED
12-18 18:06:35.031  1750  1750 D KeyguardUpdateMonitor: handleBatteryUpdate
12-18 18:06:35.032  1989  1989 D QtiCarrierConfigHelper: WARNING, no carrier configs on phone Id: 0
12-18 18:06:43.195  1750  1750 D KeyguardUpdateMonitor: received broadcast android.intent.action.BATTERY_CHANGED
12-18 18:06:43.196  1989  1989 D QtiCarrierConfigHelper: WARNING, no carrier configs on phone Id: 0
12-18 18:06:43.202  1750  1750 D KeyguardUpdateMonitor: handleBatteryUpdate
12-18 18:06:48.498   630 18668 E ResolverController: No valid NAT64 prefix (100, <unspecified>/0)
12-18 18:06:48.779  2823 18582 W .stripe.update: Long monitor contention with owner DefaultDispatcher-worker-6 (18447) at com.stripe.jvmcore.crpcclient.CrpcResponse com.stripe.jvmcore.crpcclient.CrpcClient.execute(okhttp3.Request, com.stripe.proto.net.rpc.base.RpcRequest, com.squareup.wire.Message, com.squareup.wire.ProtoAdapter)(SourceFile:-1) waiters=0 in com.stripe.jvmcore.crpcclient.CrpcResponse com.stripe.jvmcore.crpcclient.CrpcClient.execute(okhttp3.Request, com.stripe.proto.net.rpc.base.RpcRequest, com.squareup.wire.Message, com.squareup.wire.ProtoAdapter) for 252ms
12-18 18:06:51.354  1989  1989 D QtiCarrierConfigHelper: WARNING, no carrier configs on phone Id: 0
12-18 18:06:51.355  1750  1750 D KeyguardUpdateMonitor: received broadcast android.intent.action.BATTERY_CHANGED
12-18 18:06:51.365  1750  1750 D KeyguardUpdateMonitor: handleBatteryUpdate
12-18 18:06:59.430  1750  1750 D KeyguardUpdateMonitor: received broadcast android.intent.action.BATTERY_CHANGED
12-18 18:06:59.431  1989  1989 D QtiCarrierConfigHelper: WARNING, no carrier configs on phone Id: 0
12-18 18:06:59.433  1750  1750 D KeyguardUpdateMonitor: handleBatteryUpdate
12-18 18:07:00.008  1750  1750 D KeyguardUpdateMonitor: received broadcast android.intent.action.TIME_TICK
12-18 18:07:00.009  1750  1750 D KeyguardUpdateMonitor: handleTimeUpdate
12-18 18:07:00.011  1750  1750 D KeyguardClockSwitch: Updating clock: 607
