12-18 18:07:07.671  1750  1750 D KeyguardUpdateMonitor: received broadcast android.intent.action.BATTERY_CHANGED
12-18 18:07:07.675  1989  1989 D QtiCarrierConfigHelper: WARNING, no carrier configs on phone Id: 0
12-18 18:07:07.678  1750  1750 D KeyguardUpdateMonitor: handleBatteryUpdate
12-18 18:07:14.299  1750  1750 D KeyguardUpdateMonitor: received broadcast android.intent.action.BATTERY_CHANGED
12-18 18:07:14.301  1989  1989 D QtiCarrierConfigHelper: WARNING, no carrier configs on phone Id: 0
12-18 18:07:14.303  1750  1750 D KeyguardUpdateMonitor: handleBatteryUpdate
12-18 18:07:23.862  1750  1750 D KeyguardUpdateMonitor: received broadcast android.intent.action.BATTERY_CHANGED
12-18 18:07:23.862  1989  1989 D QtiCarrierConfigHelper: WARNING, no carrier configs on phone Id: 0
12-18 18:07:23.875  1750  1750 D KeyguardUpdateMonitor: handleBatteryUpdate
12-18 18:07:32.031  1750  1750 D KeyguardUpdateMonitor: received broadcast android.intent.action.BATTERY_CHANGED
12-18 18:07:32.032  1989  1989 D QtiCarrierConfigHelper: WARNING, no carrier configs on phone Id: 0
12-18 18:07:32.036  1750  1750 D KeyguardUpdateMonitor: handleBatteryUpdate
12-18 18:07:32.214  1391  4083 E DatabaseUtils: Writing exception to parcel
12-18 18:07:32.214  1391  4083 E DatabaseUtils: java.lang.SecurityException: com.stripe.reader was not granted  this permission: android.permission.WRITE_SETTINGS.
12-18 18:07:32.214  1391  4083 E DatabaseUtils: 	at android.provider.Settings.isCallingPackageAllowedToPerformAppOpsProtectedOperation(Settings.java:15609)
12-18 18:07:32.214  1391  4083 E DatabaseUtils: 	at android.provider.Settings.checkAndNoteWriteSettingsOperation(Settings.java:15489)
12-18 18:07:32.214  1391  4083 E DatabaseUtils: 	at com.android.providers.settings.SettingsProvider.mutateSystemSetting(SettingsProvider.java:1701)
12-18 18:07:32.214  1391  4083 E DatabaseUtils: 	at com.android.providers.settings.SettingsProvider.insertSystemSetting(SettingsProvider.java:1676)
12-18 18:07:32.214  1391  4083 E DatabaseUtils: 	at com.android.providers.settings.SettingsProvider.call(SettingsProvider.java:442)
12-18 18:07:32.214  1391  4083 E DatabaseUtils: 	at android.content.ContentProvider.call(ContentProvider.java:2152)
12-18 18:07:32.214  1391  4083 E DatabaseUtils: 	at android.content.ContentProvider$Transport.call(ContentProvider.java:477)
12-18 18:07:32.214  1391  4083 E DatabaseUtils: 	at android.content.ContentProviderNative.onTransact(ContentProviderNative.java:277)
12-18 18:07:32.214  1391  4083 E DatabaseUtils: 	at android.os.Binder.execTransactInternal(Binder.java:1021)
12-18 18:07:32.214  1391  4083 E DatabaseUtils: 	at android.os.Binder.execTransact(Binder.java:994)
12-18 18:07:40.190  1750  1750 D KeyguardUpdateMonitor: received broadcast android.intent.action.BATTERY_CHANGED
12-18 18:07:40.192  1989  1989 D QtiCarrierConfigHelper: WARNING, no carrier configs on phone Id: 0
12-18 18:07:40.195  1750  1750 D KeyguardUpdateMonitor: handleBatteryUpdate
12-18 18:07:48.241  1750  1750 D KeyguardUpdateMonitor: received broadcast android.intent.action.BATTERY_CHANGED
12-18 18:07:48.241  1989  1989 D QtiCarrierConfigHelper: WARNING, no carrier configs on phone Id: 0
12-18 18:07:48.245  1750  1750 D KeyguardUpdateMonitor: handleBatteryUpdate
12-18 18:08:20.652  1989  1989 D QtiCarrierConfigHelper: WARNING, no carrier configs on phone Id: 0
12-18 18:08:20.653  1750  1750 D KeyguardUpdateMonitor: received broadcast android.intent.action.BATTERY_CHANGED
12-18 18:08:20.657  1750  1750 D KeyguardUpdateMonitor: handleBatteryUpdate
12-18 18:08:32.243  1391  4081 E DatabaseUtils: Writing exception to parcel
12-18 18:08:32.243  1391  4081 E DatabaseUtils: java.lang.SecurityException: com.stripe.reader was not granted  this permission: android.permission.WRITE_SETTINGS.
12-18 18:08:32.243  1391  4081 E DatabaseUtils: 	at android.provider.Settings.isCallingPackageAllowedToPerformAppOpsProtectedOperation(Settings.java:15609)
12-18 18:08:32.243  1391  4081 E DatabaseUtils: 	at android.provider.Settings.checkAndNoteWriteSettingsOperation(Settings.java:15489)
12-18 18:08:32.243  1391  4081 E DatabaseUtils: 	at com.android.providers.settings.SettingsProvider.mutateSystemSetting(SettingsProvider.java:1701)
12-18 18:08:32.243  1391  4081 E DatabaseUtils: 	at com.android.providers.settings.SettingsProvider.insertSystemSetting(SettingsProvider.java:1676)
12-18 18:08:32.243  1391  4081 E DatabaseUtils: 	at com.android.providers.settings.SettingsProvider.call(SettingsProvider.java:442)
12-18 18:08:32.243  1391  4081 E DatabaseUtils: 	at android.content.ContentProvider.call(ContentProvider.java:2152)
12-18 18:08:32.243  1391  4081 E DatabaseUtils: 	at android.content.ContentProvider$Transport.call(ContentProvider.java:477)
12-18 18:08:32.243  1391  4081 E DatabaseUtils: 	at android.content.ContentProviderNative.onTransact(ContentProviderNative.java:277)
12-18 18:08:32.243  1391  4081 E DatabaseUtils: 	at android.os.Binder.execTransactInternal(Binder.java:1021)
12-18 18:08:32.243  1391  4081 E DatabaseUtils: 	at android.os.Binder.execTransact(Binder.java:994)
12-18 18:08:34.431   955   955 I CNSS    : cnss_open_log_file: directory /data/vendor/wifi/wlan_logs/ created
12-18 18:08:36.944  1750  1750 D KeyguardUpdateMonitor: received broadcast android.intent.action.BATTERY_CHANGED
12-18 18:08:36.946  1989  1989 D QtiCarrierConfigHelper: WARNING, no carrier configs on phone Id: 0
12-18 18:08:36.950  1750  1750 D KeyguardUpdateMonitor: handleBatteryUpdate
12-18 18:08:45.230  1750  1750 D KeyguardUpdateMonitor: received broadcast android.intent.action.BATTERY_CHANGED
12-18 18:08:45.232  1989  1989 D QtiCarrierConfigHelper: WARNING, no carrier configs on phone Id: 0
12-18 18:08:45.237  1750  1750 D KeyguardUpdateMonitor: handleBatteryUpdate
12-18 18:08:46.829   630 18900 E ResolverController: No valid NAT64 prefix (100, <unspecified>/0)
12-18 18:08:48.925   630 18909 E ResolverController: No valid NAT64 prefix (100, <unspecified>/0)
12-18 18:08:53.281  1750  1750 D KeyguardUpdateMonitor: received broadcast android.intent.action.BATTERY_CHANGED
12-18 18:08:53.282  1989  1989 D QtiCarrierConfigHelper: WARNING, no carrier configs on phone Id: 0
12-18 18:08:53.288  1750  1750 D KeyguardUpdateMonitor: handleBatteryUpdate
12-18 18:09:01.319  1750  1750 D KeyguardUpdateMonitor: received broadcast android.intent.action.BATTERY_CHANGED
12-18 18:09:01.319  1989  1989 D QtiCarrierConfigHelper: WARNING, no carrier configs on phone Id: 0
12-18 18:09:01.322  1750  1750 D KeyguardUpdateMonitor: handleBatteryUpdate
12-18 18:09:09.586  1750  1750 D KeyguardUpdateMonitor: received broadcast android.intent.action.BATTERY_CHANGED
12-18 18:09:09.589  1989  1989 D QtiCarrierConfigHelper: WARNING, no carrier configs on phone Id: 0
12-18 18:09:09.591  1750  1750 D KeyguardUpdateMonitor: handleBatteryUpdate
12-18 18:09:14.290  1750  1750 D KeyguardUpdateMonitor: received broadcast android.intent.action.BATTERY_CHANGED
12-18 18:09:14.292  1989  1989 D QtiCarrierConfigHelper: WARNING, no carrier configs on phone Id: 0
12-18 18:09:14.296  1750  1750 D KeyguardUpdateMonitor: handleBatteryUpdate
12-18 18:09:17.755  1750  1750 D KeyguardUpdateMonitor: received broadcast android.intent.action.BATTERY_CHANGED
12-18 18:09:17.755  1989  1989 D QtiCarrierConfigHelper: WARNING, no carrier configs on phone Id: 0
12-18 18:09:17.758  1750  1750 D KeyguardUpdateMonitor: handleBatteryUpdate
12-18 18:09:19.232   630 18971 E ResolverController: No valid NAT64 prefix (100, <unspecified>/0)
12-18 18:09:25.812  1750  1750 D KeyguardUpdateMonitor: received broadcast android.intent.action.BATTERY_CHANGED
12-18 18:09:25.813  1750  1750 D KeyguardUpdateMonitor: handleBatteryUpdate
12-18 18:09:25.823  1989  1989 D QtiCarrierConfigHelper: WARNING, no carrier configs on phone Id: 0
12-18 18:09:32.271  1391  1866 E DatabaseUtils: Writing exception to parcel
12-18 18:09:32.271  1391  1866 E DatabaseUtils: java.lang.SecurityException: com.stripe.reader was not granted  this permission: android.permission.WRITE_SETTINGS.
12-18 18:09:32.271  1391  1866 E DatabaseUtils: 	at android.provider.Settings.isCallingPackageAllowedToPerformAppOpsProtectedOperation(Settings.java:15609)
12-18 18:09:32.271  1391  1866 E DatabaseUtils: 	at android.provider.Settings.checkAndNoteWriteSettingsOperation(Settings.java:15489)
12-18 18:09:32.271  1391  1866 E DatabaseUtils: 	at com.android.providers.settings.SettingsProvider.mutateSystemSetting(SettingsProvider.java:1701)
12-18 18:09:32.271  1391  1866 E DatabaseUtils: 	at com.android.providers.settings.SettingsProvider.insertSystemSetting(SettingsProvider.java:1676)
12-18 18:09:32.271  1391  1866 E DatabaseUtils: 	at com.android.providers.settings.SettingsProvider.call(SettingsProvider.java:442)
12-18 18:09:32.271  1391  1866 E DatabaseUtils: 	at android.content.ContentProvider.call(ContentProvider.java:2152)
12-18 18:09:32.271  1391  1866 E DatabaseUtils: 	at android.content.ContentProvider$Transport.call(ContentProvider.java:477)
12-18 18:09:32.271  1391  1866 E DatabaseUtils: 	at android.content.ContentProviderNative.onTransact(ContentProviderNative.java:277)
12-18 18:09:32.271  1391  1866 E DatabaseUtils: 	at android.os.Binder.execTransactInternal(Binder.java:1021)
12-18 18:09:32.271  1391  1866 E DatabaseUtils: 	at android.os.Binder.execTransact(Binder.java:994)
12-18 18:09:33.951  1750  1750 D KeyguardUpdateMonitor: received broadcast android.intent.action.BATTERY_CHANGED
12-18 18:09:33.953  1989  1989 D QtiCarrierConfigHelper: WARNING, no carrier configs on phone Id: 0
12-18 18:09:33.957  1750  1750 D KeyguardUpdateMonitor: handleBatteryUpdate
12-18 18:09:42.031  1750  1750 D KeyguardUpdateMonitor: received broadcast android.intent.action.BATTERY_CHANGED
12-18 18:09:42.031  1989  1989 D QtiCarrierConfigHelper: WARNING, no carrier configs on phone Id: 0
12-18 18:09:42.035  1750  1750 D KeyguardUpdateMonitor: handleBatteryUpdate
12-18 18:09:50.262  1750  1750 D KeyguardUpdateMonitor: received broadcast android.intent.action.BATTERY_CHANGED
12-18 18:09:50.265  1750  1750 D KeyguardUpdateMonitor: handleBatteryUpdate
12-18 18:09:50.269  1989  1989 D QtiCarrierConfigHelper: WARNING, no carrier configs on phone Id: 0
12-18 18:09:58.340  1750  1750 D KeyguardUpdateMonitor: received broadcast android.intent.action.BATTERY_CHANGED
12-18 18:09:58.341  1989  1989 D QtiCarrierConfigHelper: WARNING, no carrier configs on phone Id: 0
12-18 18:09:58.344  1750  1750 D KeyguardUpdateMonitor: handleBatteryUpdate
12-18 18:10:14.570  1750  1750 D KeyguardUpdateMonitor: received broadcast android.intent.action.BATTERY_CHANGED
12-18 18:10:14.572  1989  1989 D QtiCarrierConfigHelper: WARNING, no carrier configs on phone Id: 0
12-18 18:10:14.575  1750  1750 D KeyguardUpdateMonitor: handleBatteryUpdate
12-18 18:05:29.490 24036 24036 I chatty  : uid=10130(com.bnuttin.sPOS) identical 2 lines
12-18 18:05:29.491 24036 24036 W ViewRootImpl[MainActivity]: Cancelling event due to no window focus: MotionEvent { action=ACTION_CANCEL, actionButton=0, id[0]=0, x[0]=0.0, y[0]=301.0, toolType[0]=TOOL_TYPE_MOUSE, buttonState=0, classification=NONE, metaState=0, flags=0x0, edgeFlags=0x0, pointerCount=1, historySize=0, eventTime=34355096, downTime=30550412, deviceId=0, source=0x2002, displayId=0 }
12-18 18:10:19.418  1391  1866 W ProcessStats: Tracking association SourceState{36ee6bd com.bnuttin.sPOS/10130 Top #2161} whose proc state 1 is better than process ProcessState{3b404b2 com.stripe.reader/10127 pkg=com.stripe.reader} proc state 2 (0 skipped)
12-18 18:10:22.689  1750  1750 D KeyguardUpdateMonitor: received broadcast android.intent.action.BATTERY_CHANGED
12-18 18:10:22.692  1989  1989 D QtiCarrierConfigHelper: WARNING, no carrier configs on phone Id: 0
12-18 18:10:22.692  1750  1750 D KeyguardUpdateMonitor: handleBatteryUpdate
12-18 18:10:30.849  1750  1750 D KeyguardUpdateMonitor: received broadcast android.intent.action.BATTERY_CHANGED
12-18 18:10:30.850  1989  1989 D QtiCarrierConfigHelper: WARNING, no carrier configs on phone Id: 0
12-18 18:10:30.853  1750  1750 D KeyguardUpdateMonitor: handleBatteryUpdate
12-18 18:10:32.303  1391 30629 E DatabaseUtils: Writing exception to parcel
12-18 18:10:32.303  1391 30629 E DatabaseUtils: java.lang.SecurityException: com.stripe.reader was not granted  this permission: android.permission.WRITE_SETTINGS.
12-18 18:10:32.303  1391 30629 E DatabaseUtils: 	at android.provider.Settings.isCallingPackageAllowedToPerformAppOpsProtectedOperation(Settings.java:15609)
12-18 18:10:32.303  1391 30629 E DatabaseUtils: 	at android.provider.Settings.checkAndNoteWriteSettingsOperation(Settings.java:15489)
12-18 18:10:32.303  1391 30629 E DatabaseUtils: 	at com.android.providers.settings.SettingsProvider.mutateSystemSetting(SettingsProvider.java:1701)
12-18 18:10:32.303  1391 30629 E DatabaseUtils: 	at com.android.providers.settings.SettingsProvider.insertSystemSetting(SettingsProvider.java:1676)
12-18 18:10:32.303  1391 30629 E DatabaseUtils: 	at com.android.providers.settings.SettingsProvider.call(SettingsProvider.java:442)
12-18 18:10:32.303  1391 30629 E DatabaseUtils: 	at android.content.ContentProvider.call(ContentProvider.java:2152)
12-18 18:10:32.303  1391 30629 E DatabaseUtils: 	at android.content.ContentProvider$Transport.call(ContentProvider.java:477)
12-18 18:10:32.303  1391 30629 E DatabaseUtils: 	at android.content.ContentProviderNative.onTransact(ContentProviderNative.java:277)
12-18 18:10:32.303  1391 30629 E DatabaseUtils: 	at android.os.Binder.execTransactInternal(Binder.java:1021)
12-18 18:10:32.303  1391 30629 E DatabaseUtils: 	at android.os.Binder.execTransact(Binder.java:994)
12-18 18:10:38.993  1750  1750 D KeyguardUpdateMonitor: received broadcast android.intent.action.BATTERY_CHANGED
12-18 18:10:38.994  1989  1989 D QtiCarrierConfigHelper: WARNING, no carrier configs on phone Id: 0
12-18 18:10:38.998  1750  1750 D KeyguardUpdateMonitor: handleBatteryUpdate
12-18 18:10:55.175  1750  1750 D KeyguardUpdateMonitor: received broadcast android.intent.action.BATTERY_CHANGED
12-18 18:10:55.176  1750  1750 D KeyguardUpdateMonitor: handleBatteryUpdate
12-18 18:10:55.180  1989  1989 D QtiCarrierConfigHelper: WARNING, no carrier configs on phone Id: 0
12-18 18:11:03.380  1750  1750 D KeyguardUpdateMonitor: received broadcast android.intent.action.BATTERY_CHANGED
12-18 18:11:03.382  1989  1989 D QtiCarrierConfigHelper: WARNING, no carrier configs on phone Id: 0
12-18 18:11:03.384  1750  1750 D KeyguardUpdateMonitor: handleBatteryUpdate
12-18 18:11:03.587   630 19179 E ResolverController: No valid NAT64 prefix (100, <unspecified>/0)
12-18 18:11:03.989  1391  4083 D AlarmManagerService: Kernel timezone updated to 360 minutes west of GMT
12-18 18:11:11.531  1750  1750 D KeyguardUpdateMonitor: received broadcast android.intent.action.BATTERY_CHANGED
12-18 18:11:11.532  1989  1989 D QtiCarrierConfigHelper: WARNING, no carrier configs on phone Id: 0
12-18 18:11:11.537  1750  1750 D KeyguardUpdateMonitor: handleBatteryUpdate
12-18 18:11:14.290  1750  1750 D KeyguardUpdateMonitor: received broadcast android.intent.action.BATTERY_CHANGED
12-18 18:11:14.291  1989  1989 D QtiCarrierConfigHelper: WARNING, no carrier configs on phone Id: 0
12-18 18:11:14.296  1750  1750 D KeyguardUpdateMonitor: handleBatteryUpdate
12-18 18:11:19.574  1750  1750 D KeyguardUpdateMonitor: received broadcast android.intent.action.BATTERY_CHANGED
12-18 18:11:19.576  1989  1989 D QtiCarrierConfigHelper: WARNING, no carrier configs on phone Id: 0
12-18 18:11:19.578  1750  1750 D KeyguardUpdateMonitor: handleBatteryUpdate
12-18 18:11:27.757  1750  1750 D KeyguardUpdateMonitor: received broadcast android.intent.action.BATTERY_CHANGED
12-18 18:11:27.758  1989  1989 D QtiCarrierConfigHelper: WARNING, no carrier configs on phone Id: 0
12-18 18:11:27.763  1750  1750 D KeyguardUpdateMonitor: handleBatteryUpdate
12-18 18:11:32.320  1391  1866 E DatabaseUtils: Writing exception to parcel
12-18 18:11:32.320  1391  1866 E DatabaseUtils: java.lang.SecurityException: com.stripe.reader was not granted  this permission: android.permission.WRITE_SETTINGS.
12-18 18:11:32.320  1391  1866 E DatabaseUtils: 	at android.provider.Settings.isCallingPackageAllowedToPerformAppOpsProtectedOperation(Settings.java:15609)
12-18 18:11:32.320  1391  1866 E DatabaseUtils: 	at android.provider.Settings.checkAndNoteWriteSettingsOperation(Settings.java:15489)
12-18 18:11:32.320  1391  1866 E DatabaseUtils: 	at com.android.providers.settings.SettingsProvider.mutateSystemSetting(SettingsProvider.java:1701)
12-18 18:11:32.320  1391  1866 E DatabaseUtils: 	at com.android.providers.settings.SettingsProvider.insertSystemSetting(SettingsProvider.java:1676)
12-18 18:11:32.320  1391  1866 E DatabaseUtils: 	at com.android.providers.settings.SettingsProvider.call(SettingsProvider.java:442)
12-18 18:11:32.320  1391  1866 E DatabaseUtils: 	at android.content.ContentProvider.call(ContentProvider.java:2152)
12-18 18:11:32.320  1391  1866 E DatabaseUtils: 	at android.content.ContentProvider$Transport.call(ContentProvider.java:477)
12-18 18:11:32.320  1391  1866 E DatabaseUtils: 	at android.content.ContentProviderNative.onTransact(ContentProviderNative.java:277)
12-18 18:11:32.320  1391  1866 E DatabaseUtils: 	at android.os.Binder.execTransactInternal(Binder.java:1021)
12-18 18:11:32.320  1391  1866 E DatabaseUtils: 	at android.os.Binder.execTransact(Binder.java:994)
12-18 18:12:00.269  1750  1750 D KeyguardUpdateMonitor: received broadcast android.intent.action.BATTERY_CHANGED
12-18 18:12:00.272  1750  1750 D KeyguardUpdateMonitor: handleBatteryUpdate
12-18 18:12:00.273  1989  1989 D QtiCarrierConfigHelper: WARNING, no carrier configs on phone Id: 0
12-18 18:12:14.291  1750  1750 D KeyguardUpdateMonitor: received broadcast android.intent.action.BATTERY_CHANGED
12-18 18:12:14.293  1989  1989 D QtiCarrierConfigHelper: WARNING, no carrier configs on phone Id: 0
12-18 18:12:14.296  1750  1750 D KeyguardUpdateMonitor: handleBatteryUpdate
12-18 18:12:16.537  1750  1750 D KeyguardUpdateMonitor: received broadcast android.intent.action.BATTERY_CHANGED
12-18 18:12:16.539  1989  1989 D QtiCarrierConfigHelper: WARNING, no carrier configs on phone Id: 0
12-18 18:12:16.541  1750  1750 D KeyguardUpdateMonitor: handleBatteryUpdate
12-18 18:12:32.346  1391  2315 E DatabaseUtils: Writing exception to parcel
12-18 18:12:32.346  1391  2315 E DatabaseUtils: java.lang.SecurityException: com.stripe.reader was not granted  this permission: android.permission.WRITE_SETTINGS.
12-18 18:12:32.346  1391  2315 E DatabaseUtils: 	at android.provider.Settings.isCallingPackageAllowedToPerformAppOpsProtectedOperation(Settings.java:15609)
12-18 18:12:32.346  1391  2315 E DatabaseUtils: 	at android.provider.Settings.checkAndNoteWriteSettingsOperation(Settings.java:15489)
12-18 18:12:32.346  1391  2315 E DatabaseUtils: 	at com.android.providers.settings.SettingsProvider.mutateSystemSetting(SettingsProvider.java:1701)
12-18 18:12:32.346  1391  2315 E DatabaseUtils: 	at com.android.providers.settings.SettingsProvider.insertSystemSetting(SettingsProvider.java:1676)
12-18 18:12:32.346  1391  2315 E DatabaseUtils: 	at com.android.providers.settings.SettingsProvider.call(SettingsProvider.java:442)
12-18 18:12:32.346  1391  2315 E DatabaseUtils: 	at android.content.ContentProvider.call(ContentProvider.java:2152)
12-18 18:12:32.346  1391  2315 E DatabaseUtils: 	at android.content.ContentProvider$Transport.call(ContentProvider.java:477)
12-18 18:12:32.346  1391  2315 E DatabaseUtils: 	at android.content.ContentProviderNative.onTransact(ContentProviderNative.java:277)
12-18 18:12:32.346  1391  2315 E DatabaseUtils: 	at android.os.Binder.execTransactInternal(Binder.java:1021)
12-18 18:12:32.346  1391  2315 E DatabaseUtils: 	at android.os.Binder.execTransact(Binder.java:994)
12-18 18:12:32.795  1750  1750 D KeyguardUpdateMonitor: received broadcast android.intent.action.BATTERY_CHANGED
12-18 18:12:32.797  1989  1989 D QtiCarrierConfigHelper: WARNING, no carrier configs on phone Id: 0
12-18 18:12:32.800  1750  1750 D KeyguardUpdateMonitor: handleBatteryUpdate
12-18 18:12:37.086  1203  4604 I adbd    : USB event: FUNCTIONFS_SUSPEND
12-18 18:12:40.934  1750  1750 D KeyguardUpdateMonitor: received broadcast android.intent.action.BATTERY_CHANGED
12-18 18:12:40.935  1989  1989 D QtiCarrierConfigHelper: WARNING, no carrier configs on phone Id: 0
12-18 18:12:40.938  1750  1750 D KeyguardUpdateMonitor: handleBatteryUpdate
12-18 18:12:49.091  1750  1750 D KeyguardUpdateMonitor: received broadcast android.intent.action.BATTERY_CHANGED
12-18 18:12:49.092  1989  1989 D QtiCarrierConfigHelper: WARNING, no carrier configs on phone Id: 0
12-18 18:12:49.097  1750  1750 D KeyguardUpdateMonitor: handleBatteryUpdate
12-18 18:12:57.233  1750  1750 D KeyguardUpdateMonitor: received broadcast android.intent.action.BATTERY_CHANGED
12-18 18:12:57.235  1989  1989 D QtiCarrierConfigHelper: WARNING, no carrier configs on phone Id: 0
12-18 18:12:57.239  1750  1750 D KeyguardUpdateMonitor: handleBatteryUpdate
12-18 18:13:05.390  1750  1750 D KeyguardUpdateMonitor: received broadcast android.intent.action.BATTERY_CHANGED
12-18 18:13:05.391  1989  1989 D QtiCarrierConfigHelper: WARNING, no carrier configs on phone Id: 0
12-18 18:13:05.396  1750  1750 D KeyguardUpdateMonitor: handleBatteryUpdate
12-18 18:13:29.751  1750  1750 D KeyguardUpdateMonitor: received broadcast android.intent.action.BATTERY_CHANGED
12-18 18:13:29.753  1989  1989 D QtiCarrierConfigHelper: WARNING, no carrier configs on phone Id: 0
12-18 18:13:29.757  1750  1750 D KeyguardUpdateMonitor: handleBatteryUpdate
12-18 18:13:32.372  1391  4081 E DatabaseUtils: Writing exception to parcel
12-18 18:13:32.372  1391  4081 E DatabaseUtils: java.lang.SecurityException: com.stripe.reader was not granted  this permission: android.permission.WRITE_SETTINGS.
12-18 18:13:32.372  1391  4081 E DatabaseUtils: 	at android.provider.Settings.isCallingPackageAllowedToPerformAppOpsProtectedOperation(Settings.java:15609)
12-18 18:13:32.372  1391  4081 E DatabaseUtils: 	at android.provider.Settings.checkAndNoteWriteSettingsOperation(Settings.java:15489)
12-18 18:13:32.372  1391  4081 E DatabaseUtils: 	at com.android.providers.settings.SettingsProvider.mutateSystemSetting(SettingsProvider.java:1701)
12-18 18:13:32.372  1391  4081 E DatabaseUtils: 	at com.android.providers.settings.SettingsProvider.insertSystemSetting(SettingsProvider.java:1676)
12-18 18:13:32.372  1391  4081 E DatabaseUtils: 	at com.android.providers.settings.SettingsProvider.call(SettingsProvider.java:442)
12-18 18:13:32.372  1391  4081 E DatabaseUtils: 	at android.content.ContentProvider.call(ContentProvider.java:2152)
12-18 18:13:32.372  1391  4081 E DatabaseUtils: 	at android.content.ContentProvider$Transport.call(ContentProvider.java:477)
12-18 18:13:32.372  1391  4081 E DatabaseUtils: 	at android.content.ContentProviderNative.onTransact(ContentProviderNative.java:277)
12-18 18:13:32.372  1391  4081 E DatabaseUtils: 	at android.os.Binder.execTransactInternal(Binder.java:1021)
12-18 18:13:32.372  1391  4081 E DatabaseUtils: 	at android.os.Binder.execTransact(Binder.java:994)
12-18 18:13:34.191  1203  4604 I adbd    : USB event: FUNCTIONFS_RESUME
