--------- beginning of main
12-18 17:51:18.955   630 16740 E ResolverController: No valid NAT64 prefix (100, <unspecified>/0)
12-18 17:51:29.162   630 16762 E ResolverController: No valid NAT64 prefix (100, <unspecified>/0)
12-18 17:51:33.603   630 16774 E ResolverController: No valid NAT64 prefix (100, <unspecified>/0)
12-18 17:51:33.768   630   630 I netd    : trafficSwapActiveStatsMap() <2.12ms>
12-18 17:51:33.793   630   630 I netd    : tetherGetStats() <7.69ms>
12-18 17:51:33.822   630   630 I netd    : bandwidthSetGlobalAlert(2097152) <1.17ms>
12-18 17:51:34.038  1391  2315 D AlarmManagerService: Kernel timezone updated to 360 minutes west of GMT
12-18 17:51:39.467   630 16790 E ResolverController: No valid NAT64 prefix (100, <unspecified>/0)
12-18 17:51:40.693  1750  1750 D KeyguardUpdateMonitor: received broadcast android.intent.action.BATTERY_CHANGED
12-18 17:51:40.695  1989  1989 D QtiCarrierConfigHelper: WARNING, no carrier configs on phone Id: 0
12-18 17:51:40.698  1750  1750 D KeyguardUpdateMonitor: handleBatteryUpdate
12-18 17:51:44.820   630 16801 E ResolverController: No valid NAT64 prefix (100, <unspecified>/0)
12-18 17:51:48.833  1750  1750 D KeyguardUpdateMonitor: received broadcast android.intent.action.BATTERY_CHANGED
12-18 17:51:48.836  1989  1989 D QtiCarrierConfigHelper: WARNING, no carrier configs on phone Id: 0
12-18 17:51:48.838  1750  1750 D KeyguardUpdateMonitor: handleBatteryUpdate
12-18 17:51:49.657   630 16810 E ResolverController: No valid NAT64 prefix (100, <unspecified>/0)
12-18 17:51:59.859   630 16831 E ResolverController: No valid NAT64 prefix (100, <unspecified>/0)
12-18 17:52:00.006  1750  1750 D KeyguardUpdateMonitor: received broadcast android.intent.action.TIME_TICK
12-18 17:52:00.007  1750  1750 D KeyguardUpdateMonitor: handleTimeUpdate
12-18 17:52:00.009  1750  1750 D KeyguardClockSwitch: Updating clock: 552
12-18 17:52:05.075  1750  1750 D KeyguardUpdateMonitor: received broadcast android.intent.action.BATTERY_CHANGED
12-18 17:52:05.077  1989  1989 D QtiCarrierConfigHelper: WARNING, no carrier configs on phone Id: 0
12-18 17:52:05.082  1750  1750 D KeyguardUpdateMonitor: handleBatteryUpdate
12-18 17:52:08.262   630 16850 E ResolverController: No valid NAT64 prefix (100, <unspecified>/0)
12-18 17:52:13.210  1750  1750 D KeyguardUpdateMonitor: received broadcast android.intent.action.BATTERY_CHANGED
12-18 17:52:13.211  1989  1989 D QtiCarrierConfigHelper: WARNING, no carrier configs on phone Id: 0
12-18 17:52:13.213  1750  1750 D KeyguardUpdateMonitor: handleBatteryUpdate
12-18 17:52:14.290  1750  1750 D KeyguardUpdateMonitor: received broadcast android.intent.action.BATTERY_CHANGED
12-18 17:52:14.294  1750  1750 D KeyguardUpdateMonitor: handleBatteryUpdate
12-18 17:52:14.295  1989  1989 D QtiCarrierConfigHelper: WARNING, no carrier configs on phone Id: 0
12-18 17:52:15.222   630 16865 E ResolverController: No valid NAT64 prefix (100, <unspecified>/0)
12-18 17:52:15.530  2823 16327 W .stripe.update: Long monitor contention with owner DefaultDispatcher-worker-7 (16325) at com.stripe.jvmcore.crpcclient.CrpcResponse com.stripe.jvmcore.crpcclient.CrpcClient.execute(okhttp3.Request, com.stripe.proto.net.rpc.base.RpcRequest, com.squareup.wire.Message, com.squareup.wire.ProtoAdapter)(SourceFile:-1) waiters=0 in com.stripe.jvmcore.crpcclient.CrpcResponse com.stripe.jvmcore.crpcclient.CrpcClient.execute(okhttp3.Request, com.stripe.proto.net.rpc.base.RpcRequest, com.squareup.wire.Message, com.squareup.wire.ProtoAdapter) for 303ms
12-18 17:52:20.272   630 16876 E ResolverController: No valid NAT64 prefix (100, <unspecified>/0)
12-18 17:52:21.323  1750  1750 D KeyguardUpdateMonitor: received broadcast android.intent.action.BATTERY_CHANGED
12-18 17:52:21.327  1989  1989 D QtiCarrierConfigHelper: WARNING, no carrier configs on phone Id: 0
12-18 17:52:21.333  1750  1750 D KeyguardUpdateMonitor: handleBatteryUpdate
12-18 17:52:30.477   630 16896 E ResolverController: No valid NAT64 prefix (100, <unspecified>/0)
12-18 17:52:31.888  1391  2315 E DatabaseUtils: Writing exception to parcel
12-18 17:52:31.888  1391  2315 E DatabaseUtils: java.lang.SecurityException: com.stripe.reader was not granted  this permission: android.permission.WRITE_SETTINGS.
12-18 17:52:31.888  1391  2315 E DatabaseUtils: 	at android.provider.Settings.isCallingPackageAllowedToPerformAppOpsProtectedOperation(Settings.java:15609)
12-18 17:52:31.888  1391  2315 E DatabaseUtils: 	at android.provider.Settings.checkAndNoteWriteSettingsOperation(Settings.java:15489)
12-18 17:52:31.888  1391  2315 E DatabaseUtils: 	at com.android.providers.settings.SettingsProvider.mutateSystemSetting(SettingsProvider.java:1701)
12-18 17:52:31.888  1391  2315 E DatabaseUtils: 	at com.android.providers.settings.SettingsProvider.insertSystemSetting(SettingsProvider.java:1676)
12-18 17:52:31.888  1391  2315 E DatabaseUtils: 	at com.android.providers.settings.SettingsProvider.call(SettingsProvider.java:442)
12-18 17:52:31.888  1391  2315 E DatabaseUtils: 	at android.content.ContentProvider.call(ContentProvider.java:2152)
12-18 17:52:31.888  1391  2315 E DatabaseUtils: 	at android.content.ContentProvider$Transport.call(ContentProvider.java:477)
12-18 17:52:31.888  1391  2315 E DatabaseUtils: 	at android.content.ContentProviderNative.onTransact(ContentProviderNative.java:277)
12-18 17:52:31.888  1391  2315 E DatabaseUtils: 	at android.os.Binder.execTransactInternal(Binder.java:1021)
12-18 17:52:31.888  1391  2315 E DatabaseUtils: 	at android.os.Binder.execTransact(Binder.java:994)
12-18 17:52:37.548  1750  1750 D KeyguardUpdateMonitor: received broadcast android.intent.action.BATTERY_CHANGED
12-18 17:52:37.548  1989  1989 D QtiCarrierConfigHelper: WARNING, no carrier configs on phone Id: 0
12-18 17:52:37.550  1750  1750 D KeyguardUpdateMonitor: handleBatteryUpdate
12-18 17:52:38.869  2823  2843 I .stripe.update: Background concurrent copying GC freed 177135(6472KB) AllocSpace objects, 18(688KB) LOS objects, 49% free, 7287KB/14MB, paused 112us total 122.155ms
12-18 17:52:40.750   630 16918 E ResolverController: No valid NAT64 prefix (100, <unspecified>/0)
12-18 17:52:50.960   630 16939 E ResolverController: No valid NAT64 prefix (100, <unspecified>/0)
12-18 17:53:00.012  1750  1750 D KeyguardUpdateMonitor: received broadcast android.intent.action.TIME_TICK
12-18 17:53:00.013  1750  1750 D KeyguardUpdateMonitor: handleTimeUpdate
12-18 17:53:00.022  1750  1750 D KeyguardClockSwitch: Updating clock: 553
12-18 17:53:01.170   630 16958 E ResolverController: No valid NAT64 prefix (100, <unspecified>/0)
12-18 17:53:06.196   729   729 I LocSvc_GnssInterface: ===> setPositionMode_1_1 line 498 
12-18 17:53:06.197   729   729 E LocSvc_APIClientBase: locAPIUpdateTrackingOptions:396] invalid or stopped session: 83.
12-18 17:53:06.201   729   729 I LocSvc_GnssInterface: ===> start line 281 
12-18 17:53:06.201   729   729 I LocSvc_APIClientBase: locAPIStartTracking:352] start new session: 84
12-18 17:53:08.452   630 16975 E ResolverController: No valid NAT64 prefix (100, <unspecified>/0)
12-18 17:53:11.005  1391  4081 D WificondControl: Scan result ready event
12-18 17:53:11.032  1391  1652 D WifiClientModeImpl: onResults: total 29 results
12-18 17:53:11.033  1391  1652 D ANQPRequestManager: Not allowed to send ANQP request to 198339166783756 for another 140 seconds
12-18 17:53:11.033  1391  1652 D PasspointManager: ANQP entry not found for: b4:63:6f:94:c9:0c:<Free Malware>
12-18 17:53:11.036  1744  1744 I wpa_supplicant: wlan0: GAS-QUERY-START addr=b4:63:6f:94:c9:04 dialog_token=74 freq=2437
12-18 17:53:11.037  1391  1652 D HS20    : ANQP initiated on b4:63:6f:94:c9:04
12-18 17:53:11.038  1391  1652 D PasspointManager: ANQP entry not found for: b4:63:6f:94:c9:04:<Free Malware>
12-18 17:53:11.039  1744  1744 I wpa_supplicant: wlan0: GAS-QUERY-START addr=b4:63:6f:94:c9:08 dialog_token=75 freq=5220
12-18 17:53:11.042  1391  1652 D HS20    : ANQP initiated on b4:63:6f:94:c9:08
12-18 17:53:11.043  1391  1652 D PasspointManager: ANQP entry not found for: b4:63:6f:94:c9:08:<Free Malware>
12-18 17:53:11.044  1744  1744 I wpa_supplicant: wlan0: GAS-QUERY-START addr=9a:18:65:d5:70:25 dialog_token=76 freq=2427
12-18 17:53:11.045  1391  1652 D HS20    : ANQP initiated on 9a:18:65:d5:70:25
12-18 17:53:11.046  1391  1652 D PasspointManager: ANQP entry not found for: 9a:18:65:d5:70:25:<NTGRBH_941865D50C52>
12-18 17:53:11.047  1744  1744 I wpa_supplicant: wlan0: GAS-QUERY-START addr=bc:9a:8e:3b:28:38 dialog_token=77 freq=5240
12-18 17:53:11.047  1138  3546 I LOWI-8.6.0.75: [LOWI-Scan] lowi_close_record:Scan done in 33584467ms, 29 APs in scan results
12-18 17:53:11.048  1391  1652 D HS20    : ANQP initiated on bc:9a:8e:3b:28:38
12-18 17:53:11.048  1391  1652 D PasspointManager: ANQP entry not found for: bc:9a:8e:3b:28:38:<APM_SK>
12-18 17:53:11.048  1391  1652 D WifiNetworkSelector: Current connected network: "Bali" , ID: 1
12-18 17:53:11.048  1391  1652 D WifiNetworkSelector: Current connected network already sufficient. Skip network selection.
12-18 17:53:11.374   630 16982 E ResolverController: No valid NAT64 prefix (100, <unspecified>/0)
12-18 17:53:13.066  1744  1744 I wpa_supplicant: wlan0: GAS-QUERY-DONE addr=b4:63:6f:94:c9:04 dialog_token=74 freq=2437 status_code=0 result=TIMEOUT
12-18 17:53:13.068  1744  1744 I wpa_supplicant: wlan0: ANQP-QUERY-DONE addr=b4:63:6f:94:c9:04 result=FAILURE
12-18 17:53:14.278  1750  1750 D KeyguardUpdateMonitor: received broadcast android.intent.action.BATTERY_CHANGED
12-18 17:53:14.280  1989  1989 D QtiCarrierConfigHelper: WARNING, no carrier configs on phone Id: 0
12-18 17:53:14.283  1750  1750 D KeyguardUpdateMonitor: handleBatteryUpdate
12-18 17:53:15.098  1744  1744 I wpa_supplicant: wlan0: GAS-QUERY-DONE addr=b4:63:6f:94:c9:08 dialog_token=75 freq=5220 status_code=0 result=TIMEOUT
12-18 17:53:15.099  1744  1744 I wpa_supplicant: wlan0: ANQP-QUERY-DONE addr=b4:63:6f:94:c9:08 result=FAILURE
12-18 17:53:15.387  1744  1744 I wpa_supplicant: wlan0: GAS-QUERY-DONE addr=9a:18:65:d5:70:25 dialog_token=76 freq=2427 status_code=0 result=TIMEOUT
12-18 17:53:15.389  1744  1744 I wpa_supplicant: wlan0: ANQP-QUERY-DONE addr=9a:18:65:d5:70:25 result=FAILURE
12-18 17:53:15.770  1744  1744 I wpa_supplicant: wlan0: GAS-QUERY-DONE addr=bc:9a:8e:3b:28:38 dialog_token=77 freq=5240 status_code=0 result=TIMEOUT
12-18 17:53:15.771  1744  1744 I wpa_supplicant: wlan0: ANQP-QUERY-DONE addr=bc:9a:8e:3b:28:38 result=FAILURE
12-18 17:53:18.255  1750  1750 D KeyguardUpdateMonitor: received broadcast android.intent.action.BATTERY_CHANGED
12-18 17:53:18.257  1989  1989 D QtiCarrierConfigHelper: WARNING, no carrier configs on phone Id: 0
12-18 17:53:18.258  1750  1750 D KeyguardUpdateMonitor: handleBatteryUpdate
12-18 17:53:22.281   630 17003 E ResolverController: No valid NAT64 prefix (100, <unspecified>/0)
12-18 17:53:31.913  1391  1866 E DatabaseUtils: Writing exception to parcel
12-18 17:53:31.913  1391  1866 E DatabaseUtils: java.lang.SecurityException: com.stripe.reader was not granted  this permission: android.permission.WRITE_SETTINGS.
12-18 17:53:31.913  1391  1866 E DatabaseUtils: 	at android.provider.Settings.isCallingPackageAllowedToPerformAppOpsProtectedOperation(Settings.java:15609)
12-18 17:53:31.913  1391  1866 E DatabaseUtils: 	at android.provider.Settings.checkAndNoteWriteSettingsOperation(Settings.java:15489)
12-18 17:53:31.913  1391  1866 E DatabaseUtils: 	at com.android.providers.settings.SettingsProvider.mutateSystemSetting(SettingsProvider.java:1701)
12-18 17:53:31.913  1391  1866 E DatabaseUtils: 	at com.android.providers.settings.SettingsProvider.insertSystemSetting(SettingsProvider.java:1676)
12-18 17:53:31.913  1391  1866 E DatabaseUtils: 	at com.android.providers.settings.SettingsProvider.call(SettingsProvider.java:442)
12-18 17:53:31.913  1391  1866 E DatabaseUtils: 	at android.content.ContentProvider.call(ContentProvider.java:2152)
12-18 17:53:31.913  1391  1866 E DatabaseUtils: 	at android.content.ContentProvider$Transport.call(ContentProvider.java:477)
12-18 17:53:31.913  1391  1866 E DatabaseUtils: 	at android.content.ContentProviderNative.onTransact(ContentProviderNative.java:277)
12-18 17:53:31.913  1391  1866 E DatabaseUtils: 	at android.os.Binder.execTransactInternal(Binder.java:1021)
12-18 17:53:31.913  1391  1866 E DatabaseUtils: 	at android.os.Binder.execTransact(Binder.java:994)
12-18 17:53:32.501   630 17024 E ResolverController: No valid NAT64 prefix (100, <unspecified>/0)
12-18 17:53:42.782   630 17046 E ResolverController: No valid NAT64 prefix (100, <unspecified>/0)
12-18 17:53:46.580   630 17057 E ResolverController: No valid NAT64 prefix (100, <unspecified>/0)
12-18 17:53:52.963   630 17074 E ResolverController: No valid NAT64 prefix (100, <unspecified>/0)
12-18 17:53:53.408  1391  3199 W system_server: Long monitor contention with owner ActivityManager (1482) at void com.android.server.am.ActivityManagerService$MainHandler.handleMessage(android.os.Message)(ActivityManagerService.java:1770) waiters=0 in android.content.Intent com.android.server.am.ActivityManagerService.registerReceiver(android.app.IApplicationThread, java.lang.String, android.content.IIntentReceiver, android.content.IntentFilter, java.lang.String, int, int) for 119ms
12-18 17:54:00.009  1750  1750 D KeyguardUpdateMonitor: received broadcast android.intent.action.TIME_TICK
12-18 17:54:00.010  1750  1750 D KeyguardUpdateMonitor: handleTimeUpdate
12-18 17:54:00.013  1750  1750 D KeyguardClockSwitch: Updating clock: 554
12-18 17:54:03.182   630 17093 E ResolverController: No valid NAT64 prefix (100, <unspecified>/0)
12-18 17:54:06.212   729   729 I LocSvc_GnssInterface: ===> stop line 291 
12-18 17:54:08.778   630 17104 E ResolverController: No valid NAT64 prefix (100, <unspecified>/0)
12-18 17:54:13.360   630 17116 E ResolverController: No valid NAT64 prefix (100, <unspecified>/0)
12-18 17:54:15.679   630 17122 E ResolverController: No valid NAT64 prefix (100, <unspecified>/0)
12-18 17:54:23.581   630 17137 E ResolverController: No valid NAT64 prefix (100, <unspecified>/0)
12-18 17:54:25.782   739   739 D ThermalHAL-TARGET: Entering get_temperatures
12-18 17:54:25.783   739   739 D ThermalHAL-TARGET: Entering get_temperatures
12-18 17:54:25.783   739   739 D ThermalHAL-UTIL: Entering get_temperature_for_all
12-18 17:54:25.783   739   739 D ThermalHAL-UTIL: Entering read_temperature
12-18 17:54:25.806   739   739 I chatty  : uid=1000(system) thermal@1.0-ser identical 9 lines
12-18 17:54:25.818   739   739 D ThermalHAL-UTIL: Entering read_temperature
12-18 17:54:25.823   739   739 D ThermalHAL-TARGET: Entering get_temperatures
12-18 17:54:25.823   739   739 D ThermalHAL-TARGET: Entering get_temperatures
12-18 17:54:25.823   739   739 D ThermalHAL-UTIL: Entering get_temperature_for_all
12-18 17:54:25.824   739   739 D ThermalHAL-UTIL: Entering read_temperature
12-18 17:54:25.830   739   739 I chatty  : uid=1000(system) thermal@1.0-ser identical 9 lines
12-18 17:54:25.842   739   739 D ThermalHAL-UTIL: Entering read_temperature
12-18 17:54:25.849   739   739 D ThermalHAL-TARGET: Entering get_temperatures
12-18 17:54:25.849   739   739 D ThermalHAL-TARGET: Entering get_temperatures
12-18 17:54:25.849   739   739 D ThermalHAL-UTIL: Entering get_temperature_for_all
12-18 17:54:25.849   739   739 D ThermalHAL-UTIL: Entering read_temperature
12-18 17:54:25.858   739   739 I chatty  : uid=1000(system) thermal@1.0-ser identical 9 lines
12-18 17:54:25.909   739   739 D ThermalHAL-UTIL: Entering read_temperature
12-18 17:54:25.921   739   739 D ThermalHAL-TARGET: Entering get_temperatures
12-18 17:54:25.922   739   739 D ThermalHAL-TARGET: Entering get_temperatures
12-18 17:54:25.922   739   739 D ThermalHAL-UTIL: Entering get_temperature_for_all
12-18 17:54:25.923   739   739 D ThermalHAL-UTIL: Entering read_temperature
12-18 17:54:25.943   739   739 I chatty  : uid=1000(system) thermal@1.0-ser identical 9 lines
12-18 17:54:25.957   739   739 D ThermalHAL-UTIL: Entering read_temperature
12-18 17:54:25.962   739   739 D ThermalHAL-TARGET: Entering get_temperatures
12-18 17:54:25.962   739   739 D ThermalHAL-TARGET: Entering get_temperatures
12-18 17:54:25.962   739   739 D ThermalHAL-UTIL: Entering get_temperature_for_all
12-18 17:54:25.962   739   739 D ThermalHAL-UTIL: Entering read_temperature
12-18 17:54:25.970   739   739 I chatty  : uid=1000(system) thermal@1.0-ser identical 9 lines
12-18 17:54:26.009   739   739 D ThermalHAL-UTIL: Entering read_temperature
12-18 17:54:26.020   739   739 D ThermalHAL-TARGET: Entering get_temperatures
12-18 17:54:26.021   739   739 D ThermalHAL-TARGET: Entering get_temperatures
12-18 17:54:26.021   739   739 D ThermalHAL-UTIL: Entering get_temperature_for_all
12-18 17:54:26.021   739   739 D ThermalHAL-UTIL: Entering read_temperature
12-18 17:54:26.040   739   739 I chatty  : uid=1000(system) thermal@1.0-ser identical 9 lines
12-18 17:54:26.053   739   739 D ThermalHAL-UTIL: Entering read_temperature
12-18 17:54:26.058   739   739 D ThermalHAL-TARGET: Entering get_temperatures
12-18 17:54:26.059   739   739 D ThermalHAL-TARGET: Entering get_temperatures
12-18 17:54:26.059   739   739 D ThermalHAL-UTIL: Entering get_temperature_for_all
12-18 17:54:26.059   739   739 D ThermalHAL-UTIL: Entering read_temperature
12-18 17:54:26.063   739   739 I chatty  : uid=1000(system) thermal@1.0-ser identical 9 lines
12-18 17:54:26.107   739   739 D ThermalHAL-UTIL: Entering read_temperature
12-18 17:54:26.119   739   739 D ThermalHAL-TARGET: Entering get_temperatures
12-18 17:54:26.120   739   739 D ThermalHAL-TARGET: Entering get_temperatures
12-18 17:54:26.120   739   739 D ThermalHAL-UTIL: Entering get_temperature_for_all
12-18 17:54:26.120   739   739 D ThermalHAL-UTIL: Entering read_temperature
12-18 17:54:26.140   739   739 I chatty  : uid=1000(system) thermal@1.0-ser identical 9 lines
12-18 17:54:26.153   739   739 D ThermalHAL-UTIL: Entering read_temperature
12-18 17:54:26.159   739   739 D ThermalHAL-TARGET: Entering get_temperatures
12-18 17:54:26.159   739   739 D ThermalHAL-TARGET: Entering get_temperatures
12-18 17:54:26.159   739   739 D ThermalHAL-UTIL: Entering get_temperature_for_all
12-18 17:54:26.159   739   739 D ThermalHAL-UTIL: Entering read_temperature
12-18 17:54:26.163   739   739 I chatty  : uid=1000(system) thermal@1.0-ser identical 9 lines
12-18 17:54:26.209   739   739 D ThermalHAL-UTIL: Entering read_temperature
12-18 17:54:26.221   739   739 D ThermalHAL-TARGET: Entering get_temperatures
12-18 17:54:26.221   739   739 D ThermalHAL-TARGET: Entering get_temperatures
12-18 17:54:26.222   739   739 D ThermalHAL-UTIL: Entering get_temperature_for_all
12-18 17:54:26.222   739   739 D ThermalHAL-UTIL: Entering read_temperature
12-18 17:54:26.242   739   739 I chatty  : uid=1000(system) thermal@1.0-ser identical 9 lines
12-18 17:54:26.257   739   739 D ThermalHAL-UTIL: Entering read_temperature
12-18 17:54:26.263   739   739 D ThermalHAL-TARGET: Entering get_temperatures
12-18 17:54:26.263   739   739 D ThermalHAL-TARGET: Entering get_temperatures
12-18 17:54:26.263   739   739 D ThermalHAL-UTIL: Entering get_temperature_for_all
12-18 17:54:26.263   739   739 D ThermalHAL-UTIL: Entering read_temperature
12-18 17:54:26.268   739   739 I chatty  : uid=1000(system) thermal@1.0-ser identical 9 lines
12-18 17:54:26.305   739   739 D ThermalHAL-UTIL: Entering read_temperature
12-18 17:54:26.309   739   739 D ThermalHAL-TARGET: Entering get_temperatures
12-18 17:54:26.309   739   739 D ThermalHAL-TARGET: Entering get_temperatures
12-18 17:54:26.309   739   739 D ThermalHAL-UTIL: Entering get_temperature_for_all
12-18 17:54:26.309   739   739 D ThermalHAL-UTIL: Entering read_temperature
12-18 17:54:26.314   739   739 I chatty  : uid=1000(system) thermal@1.0-ser identical 9 lines
12-18 17:54:26.325   739   739 D ThermalHAL-UTIL: Entering read_temperature
12-18 17:54:26.328   739   739 D ThermalHAL-TARGET: Entering get_temperatures
12-18 17:54:26.328   739   739 D ThermalHAL-TARGET: Entering get_temperatures
12-18 17:54:26.329   739   739 D ThermalHAL-UTIL: Entering get_temperature_for_all
12-18 17:54:26.329   739   739 D ThermalHAL-UTIL: Entering read_temperature
12-18 17:54:26.331   739   739 I chatty  : uid=1000(system) thermal@1.0-ser identical 9 lines
12-18 17:54:26.343   739   739 D ThermalHAL-UTIL: Entering read_temperature
12-18 17:54:26.348   739   739 D ThermalHAL-TARGET: Entering get_temperatures
12-18 17:54:26.349   739   739 D ThermalHAL-TARGET: Entering get_temperatures
12-18 17:54:26.349   739   739 D ThermalHAL-UTIL: Entering get_temperature_for_all
12-18 17:54:26.349   739   739 D ThermalHAL-UTIL: Entering read_temperature
12-18 17:54:26.352   739   739 I chatty  : uid=1000(system) thermal@1.0-ser identical 9 lines
12-18 17:54:26.406   739   739 D ThermalHAL-UTIL: Entering read_temperature
12-18 17:54:26.418   739   739 D ThermalHAL-TARGET: Entering get_temperatures
12-18 17:54:26.419   739   739 D ThermalHAL-TARGET: Entering get_temperatures
12-18 17:54:26.419   739   739 D ThermalHAL-UTIL: Entering get_temperature_for_all
12-18 17:54:26.419   739   739 D ThermalHAL-UTIL: Entering read_temperature
12-18 17:54:26.429   739   739 I chatty  : uid=1000(system) thermal@1.0-ser identical 9 lines
12-18 17:54:26.442   739   739 D ThermalHAL-UTIL: Entering read_temperature
12-18 17:54:26.448   739   739 D ThermalHAL-TARGET: Entering get_temperatures
12-18 17:54:26.448   739   739 D ThermalHAL-TARGET: Entering get_temperatures
12-18 17:54:26.448   739   739 D ThermalHAL-UTIL: Entering get_temperature_for_all
12-18 17:54:26.448   739   739 D ThermalHAL-UTIL: Entering read_temperature
12-18 17:54:26.454   739   739 I chatty  : uid=1000(system) thermal@1.0-ser identical 9 lines
12-18 17:54:26.506   739   739 D ThermalHAL-UTIL: Entering read_temperature
12-18 17:54:30.636   630 17151 E ResolverController: No valid NAT64 prefix (100, <unspecified>/0)
12-18 17:54:31.341  1750  1750 D KeyguardUpdateMonitor: received broadcast android.intent.action.BATTERY_CHANGED
12-18 17:54:31.342  1989  1989 D QtiCarrierConfigHelper: WARNING, no carrier configs on phone Id: 0
12-18 17:54:31.346  1750  1750 D KeyguardUpdateMonitor: handleBatteryUpdate
12-18 17:54:31.938  1391  2315 E DatabaseUtils: Writing exception to parcel
12-18 17:54:31.938  1391  2315 E DatabaseUtils: java.lang.SecurityException: com.stripe.reader was not granted  this permission: android.permission.WRITE_SETTINGS.
12-18 17:54:31.938  1391  2315 E DatabaseUtils: 	at android.provider.Settings.isCallingPackageAllowedToPerformAppOpsProtectedOperation(Settings.java:15609)
12-18 17:54:31.938  1391  2315 E DatabaseUtils: 	at android.provider.Settings.checkAndNoteWriteSettingsOperation(Settings.java:15489)
12-18 17:54:31.938  1391  2315 E DatabaseUtils: 	at com.android.providers.settings.SettingsProvider.mutateSystemSetting(SettingsProvider.java:1701)
12-18 17:54:31.938  1391  2315 E DatabaseUtils: 	at com.android.providers.settings.SettingsProvider.insertSystemSetting(SettingsProvider.java:1676)
12-18 17:54:31.938  1391  2315 E DatabaseUtils: 	at com.android.providers.settings.SettingsProvider.call(SettingsProvider.java:442)
12-18 17:54:31.938  1391  2315 E DatabaseUtils: 	at android.content.ContentProvider.call(ContentProvider.java:2152)
12-18 17:54:31.938  1391  2315 E DatabaseUtils: 	at android.content.ContentProvider$Transport.call(ContentProvider.java:477)
12-18 17:54:31.938  1391  2315 E DatabaseUtils: 	at android.content.ContentProviderNative.onTransact(ContentProviderNative.java:277)
12-18 17:54:31.938  1391  2315 E DatabaseUtils: 	at android.os.Binder.execTransactInternal(Binder.java:1021)
12-18 17:54:31.938  1391  2315 E DatabaseUtils: 	at android.os.Binder.execTransact(Binder.java:994)
12-18 17:54:33.783   630 17159 E ResolverController: No valid NAT64 prefix (100, <unspecified>/0)
12-18 17:54:39.463  1989  1989 D QtiCarrierConfigHelper: WARNING, no carrier configs on phone Id: 0
12-18 17:54:39.464  1750  1750 D KeyguardUpdateMonitor: received broadcast android.intent.action.BATTERY_CHANGED
12-18 17:54:39.469  1750  1750 D KeyguardUpdateMonitor: handleBatteryUpdate
12-18 17:54:42.537     0     0 W swapper/2: type=1400 audit(0.0:2491): avc: denied { kill } for capability=5 scontext=u:r:kernel:s0 tcontext=u:r:kernel:s0 tclass=capability permissive=0
12-18 17:54:44.045   630 17180 E ResolverController: No valid NAT64 prefix (100, <unspecified>/0)
12-18 17:54:47.734  1750  1750 D KeyguardUpdateMonitor: received broadcast android.intent.action.BATTERY_CHANGED
12-18 17:54:47.737  1989  1989 D QtiCarrierConfigHelper: WARNING, no carrier configs on phone Id: 0
12-18 17:54:47.738  1750  1750 D KeyguardUpdateMonitor: handleBatteryUpdate
12-18 17:54:54.243   630 17199 E ResolverController: No valid NAT64 prefix (100, <unspecified>/0)
12-18 17:55:00.009  1750  1750 D KeyguardUpdateMonitor: received broadcast android.intent.action.TIME_TICK
12-18 17:55:00.010  1750  1750 D KeyguardUpdateMonitor: handleTimeUpdate
12-18 17:55:00.011  1750  1750 D KeyguardClockSwitch: Updating clock: 555
12-18 17:55:01.119   630 17214 E ResolverController: No valid NAT64 prefix (100, <unspecified>/0)
12-18 17:55:03.954  1750  1750 D KeyguardUpdateMonitor: received broadcast android.intent.action.BATTERY_CHANGED
12-18 17:55:03.959  1989  1989 D QtiCarrierConfigHelper: WARNING, no carrier configs on phone Id: 0
12-18 17:55:03.960  1750  1750 D KeyguardUpdateMonitor: handleBatteryUpdate
12-18 17:55:04.450   630 17225 E ResolverController: No valid NAT64 prefix (100, <unspecified>/0)
12-18 17:55:09.014   630 17240 E ResolverController: No valid NAT64 prefix (100, <unspecified>/0)
12-18 17:55:12.092  1750  1750 D KeyguardUpdateMonitor: received broadcast android.intent.action.BATTERY_CHANGED
12-18 17:55:12.096  1989  1989 D QtiCarrierConfigHelper: WARNING, no carrier configs on phone Id: 0
12-18 17:55:12.106  1750  1750 D KeyguardUpdateMonitor: handleBatteryUpdate
12-18 17:55:14.679   630 17252 E ResolverController: No valid NAT64 prefix (100, <unspecified>/0)
12-18 17:55:18.138   630 17260 E ResolverController: No valid NAT64 prefix (100, <unspecified>/0)
12-18 17:55:24.897   630 17280 E ResolverController: No valid NAT64 prefix (100, <unspecified>/0)
12-18 17:55:28.328  1750  1750 D KeyguardUpdateMonitor: received broadcast android.intent.action.BATTERY_CHANGED
12-18 17:55:28.329  1989  1989 D QtiCarrierConfigHelper: WARNING, no carrier configs on phone Id: 0
12-18 17:55:28.332  1750  1750 D KeyguardUpdateMonitor: handleBatteryUpdate
12-18 17:55:35.098   630 17301 E ResolverController: No valid NAT64 prefix (100, <unspecified>/0)
12-18 17:55:36.429  1750  1750 D KeyguardUpdateMonitor: received broadcast android.intent.action.BATTERY_CHANGED
12-18 17:55:36.432  1989  1989 D QtiCarrierConfigHelper: WARNING, no carrier configs on phone Id: 0
12-18 17:55:36.433  1750  1750 D KeyguardUpdateMonitor: handleBatteryUpdate
12-18 17:55:36.765  1391  2315 D AlarmManagerService: Kernel timezone updated to 360 minutes west of GMT
12-18 17:55:44.631  1750  1750 D KeyguardUpdateMonitor: received broadcast android.intent.action.BATTERY_CHANGED
12-18 17:55:44.632  1989  1989 D QtiCarrierConfigHelper: WARNING, no carrier configs on phone Id: 0
12-18 17:55:44.636  1750  1750 D KeyguardUpdateMonitor: handleBatteryUpdate
12-18 17:55:45.311   630 17322 E ResolverController: No valid NAT64 prefix (100, <unspecified>/0)
12-18 17:55:51.520  1391  1866 D WificondControl: Scan result ready event
12-18 17:55:51.551  1391  1652 D WifiClientModeImpl: onResults: total 30 results
12-18 17:55:51.553  1744  1744 I wpa_supplicant: wlan0: GAS-QUERY-START addr=b4:63:6f:94:c9:0c dialog_token=78 freq=5660
12-18 17:55:51.556  1391  1652 D HS20    : ANQP initiated on b4:63:6f:94:c9:0c
12-18 17:55:51.556  1391  1652 D PasspointManager: ANQP entry not found for: b4:63:6f:94:c9:0c:<Free Malware>
12-18 17:55:51.557  1391  1652 D ANQPRequestManager: Not allowed to send ANQP request to 198339166783748 for another 479 seconds
12-18 17:55:51.557  1391  1652 D PasspointManager: ANQP entry not found for: b4:63:6f:94:c9:04:<Free Malware>
12-18 17:55:51.558  1391  1652 D ANQPRequestManager: Not allowed to send ANQP request to 198339166783752 for another 479 seconds
12-18 17:55:51.558  1391  1652 D PasspointManager: ANQP entry not found for: b4:63:6f:94:c9:08:<Free Malware>
12-18 17:55:51.558  1391  1652 D ANQPRequestManager: Not allowed to send ANQP request to 207371997227064 for another 479 seconds
12-18 17:55:51.558  1391  1652 D PasspointManager: ANQP entry not found for: bc:9a:8e:3b:28:38:<APM_SK>
12-18 17:55:51.558  1391  1652 D ANQPRequestManager: Not allowed to send ANQP request to 207371997227060 for another 139 seconds
12-18 17:55:51.559  1391  1652 D PasspointManager: ANQP entry not found for: bc:9a:8e:3b:28:34:<APM_SK>
12-18 17:55:51.559  1391  1652 D ANQPRequestManager: Not allowed to send ANQP request to 159225489408148 for another 299 seconds
12-18 17:55:51.559  1391  1652 D PasspointManager: ANQP entry not found for: 90:d0:92:bc:40:94:<batcave>
12-18 17:55:51.560  1391  1652 D WifiNetworkSelector: Current connected network: "Bali" , ID: 1
12-18 17:55:51.560  1391  1652 D WifiNetworkSelector: Current connected network already sufficient. Skip network selection.
12-18 17:55:51.564  1138  3546 I LOWI-8.6.0.75: [LOWI-Scan] lowi_close_record:Scan done in 33744984ms, 30 APs in scan results
12-18 17:55:52.776  1750  1750 D KeyguardUpdateMonitor: received broadcast android.intent.action.BATTERY_CHANGED
12-18 17:55:52.776  1750  1750 D KeyguardUpdateMonitor: handleBatteryUpdate
12-18 17:55:52.778  1989  1989 D QtiCarrierConfigHelper: WARNING, no carrier configs on phone Id: 0
12-18 17:55:53.578  1744  1744 I wpa_supplicant: wlan0: GAS-QUERY-DONE addr=b4:63:6f:94:c9:0c dialog_token=78 freq=5660 status_code=0 result=TIMEOUT
12-18 17:55:53.579  1744  1744 I wpa_supplicant: wlan0: ANQP-QUERY-DONE addr=b4:63:6f:94:c9:0c result=FAILURE
12-18 17:56:00.003  1750  1750 D KeyguardUpdateMonitor: received broadcast android.intent.action.TIME_TICK
12-18 17:56:00.003  1750  1750 D KeyguardUpdateMonitor: handleTimeUpdate
12-18 17:56:00.005  1750  1750 D KeyguardClockSwitch: Updating clock: 556
12-18 17:56:00.835  1750  1750 D KeyguardUpdateMonitor: received broadcast android.intent.action.BATTERY_CHANGED
12-18 17:56:00.837  1989  1989 D QtiCarrierConfigHelper: WARNING, no carrier configs on phone Id: 0
12-18 17:56:00.843  1750  1750 D KeyguardUpdateMonitor: handleBatteryUpdate
12-18 17:56:05.008  1750  1750 D KeyguardUpdateMonitor: received broadcast android.intent.action.TIME_TICK
12-18 17:56:05.009  1750  1750 D KeyguardUpdateMonitor: handleTimeUpdate
12-18 17:56:05.011  1750  1750 D KeyguardClockSwitch: Updating clock: 556
12-18 17:56:14.300  1750  1750 D KeyguardUpdateMonitor: received broadcast android.intent.action.BATTERY_CHANGED
12-18 17:56:14.302  1989  1989 D QtiCarrierConfigHelper: WARNING, no carrier configs on phone Id: 0
12-18 17:56:14.303  1750  1750 D KeyguardUpdateMonitor: handleBatteryUpdate
12-18 17:56:17.062  1750  1750 D KeyguardUpdateMonitor: received broadcast android.intent.action.BATTERY_CHANGED
12-18 17:56:17.064  1989  1989 D QtiCarrierConfigHelper: WARNING, no carrier configs on phone Id: 0
12-18 17:56:17.079  1750  1750 D KeyguardUpdateMonitor: handleBatteryUpdate
12-18 17:56:25.199  1750  1750 D KeyguardUpdateMonitor: received broadcast android.intent.action.BATTERY_CHANGED
12-18 17:56:25.200  1989  1989 D QtiCarrierConfigHelper: WARNING, no carrier configs on phone Id: 0
12-18 17:56:25.203  1750  1750 D KeyguardUpdateMonitor: handleBatteryUpdate
12-18 17:56:31.990  1391  2315 E DatabaseUtils: Writing exception to parcel
12-18 17:56:31.990  1391  2315 E DatabaseUtils: java.lang.SecurityException: com.stripe.reader was not granted  this permission: android.permission.WRITE_SETTINGS.
12-18 17:56:31.990  1391  2315 E DatabaseUtils: 	at android.provider.Settings.isCallingPackageAllowedToPerformAppOpsProtectedOperation(Settings.java:15609)
12-18 17:56:31.990  1391  2315 E DatabaseUtils: 	at android.provider.Settings.checkAndNoteWriteSettingsOperation(Settings.java:15489)
12-18 17:56:31.990  1391  2315 E DatabaseUtils: 	at com.android.providers.settings.SettingsProvider.mutateSystemSetting(SettingsProvider.java:1701)
12-18 17:56:31.990  1391  2315 E DatabaseUtils: 	at com.android.providers.settings.SettingsProvider.insertSystemSetting(SettingsProvider.java:1676)
12-18 17:56:31.990  1391  2315 E DatabaseUtils: 	at com.android.providers.settings.SettingsProvider.call(SettingsProvider.java:442)
12-18 17:56:31.990  1391  2315 E DatabaseUtils: 	at android.content.ContentProvider.call(ContentProvider.java:2152)
12-18 17:56:31.990  1391  2315 E DatabaseUtils: 	at android.content.ContentProvider$Transport.call(ContentProvider.java:477)
12-18 17:56:31.990  1391  2315 E DatabaseUtils: 	at android.content.ContentProviderNative.onTransact(ContentProviderNative.java:277)
12-18 17:56:31.990  1391  2315 E DatabaseUtils: 	at android.os.Binder.execTransactInternal(Binder.java:1021)
12-18 17:56:31.990  1391  2315 E DatabaseUtils: 	at android.os.Binder.execTransact(Binder.java:994)
12-18 17:56:33.325  1750  1750 D KeyguardUpdateMonitor: received broadcast android.intent.action.BATTERY_CHANGED
12-18 17:56:33.326  1750  1750 D KeyguardUpdateMonitor: handleBatteryUpdate
12-18 17:56:33.330  1989  1989 D QtiCarrierConfigHelper: WARNING, no carrier configs on phone Id: 0
12-18 17:57:00.009  1750  1750 D KeyguardUpdateMonitor: received broadcast android.intent.action.TIME_TICK
12-18 17:57:00.010  1750  1750 D KeyguardUpdateMonitor: handleTimeUpdate
12-18 17:57:00.013  1750  1750 D KeyguardClockSwitch: Updating clock: 557
12-18 17:57:14.009  1750  1750 D KeyguardUpdateMonitor: received broadcast android.intent.action.BATTERY_CHANGED
12-18 17:57:14.011  1989  1989 D QtiCarrierConfigHelper: WARNING, no carrier configs on phone Id: 0
12-18 17:57:14.016  1750  1750 D KeyguardUpdateMonitor: handleBatteryUpdate
12-18 17:57:14.312  1750  1750 D KeyguardUpdateMonitor: received broadcast android.intent.action.BATTERY_CHANGED
12-18 17:57:14.313  1989  1989 D QtiCarrierConfigHelper: WARNING, no carrier configs on phone Id: 0
12-18 17:57:14.318  1750  1750 D KeyguardUpdateMonitor: handleBatteryUpdate
12-18 17:57:22.109  1750  1750 D KeyguardUpdateMonitor: received broadcast android.intent.action.BATTERY_CHANGED
12-18 17:57:22.111  1989  1989 D QtiCarrierConfigHelper: WARNING, no carrier configs on phone Id: 0
12-18 17:57:22.114  1750  1750 D KeyguardUpdateMonitor: handleBatteryUpdate
12-18 17:57:32.021  1391  4083 E DatabaseUtils: Writing exception to parcel
12-18 17:57:32.021  1391  4083 E DatabaseUtils: java.lang.SecurityException: com.stripe.reader was not granted  this permission: android.permission.WRITE_SETTINGS.
12-18 17:57:32.021  1391  4083 E DatabaseUtils: 	at android.provider.Settings.isCallingPackageAllowedToPerformAppOpsProtectedOperation(Settings.java:15609)
12-18 17:57:32.021  1391  4083 E DatabaseUtils: 	at android.provider.Settings.checkAndNoteWriteSettingsOperation(Settings.java:15489)
12-18 17:57:32.021  1391  4083 E DatabaseUtils: 	at com.android.providers.settings.SettingsProvider.mutateSystemSetting(SettingsProvider.java:1701)
12-18 17:57:32.021  1391  4083 E DatabaseUtils: 	at com.android.providers.settings.SettingsProvider.insertSystemSetting(SettingsProvider.java:1676)
12-18 17:57:32.021  1391  4083 E DatabaseUtils: 	at com.android.providers.settings.SettingsProvider.call(SettingsProvider.java:442)
12-18 17:57:32.021  1391  4083 E DatabaseUtils: 	at android.content.ContentProvider.call(ContentProvider.java:2152)
12-18 17:57:32.021  1391  4083 E DatabaseUtils: 	at android.content.ContentProvider$Transport.call(ContentProvider.java:477)
12-18 17:57:32.021  1391  4083 E DatabaseUtils: 	at android.content.ContentProviderNative.onTransact(ContentProviderNative.java:277)
12-18 17:57:32.021  1391  4083 E DatabaseUtils: 	at android.os.Binder.execTransactInternal(Binder.java:1021)
12-18 17:57:32.021  1391  4083 E DatabaseUtils: 	at android.os.Binder.execTransact(Binder.java:994)
12-18 17:57:54.680  1989  1989 D QtiCarrierConfigHelper: WARNING, no carrier configs on phone Id: 0
12-18 17:57:54.682  1750  1750 D KeyguardUpdateMonitor: received broadcast android.intent.action.BATTERY_CHANGED
12-18 17:57:54.686  1750  1750 D KeyguardUpdateMonitor: handleBatteryUpdate
12-18 17:58:00.007  1750  1750 D KeyguardUpdateMonitor: received broadcast android.intent.action.TIME_TICK
12-18 17:58:00.007  1750  1750 D KeyguardUpdateMonitor: handleTimeUpdate
12-18 17:58:00.008  1750  1750 D KeyguardClockSwitch: Updating clock: 558
12-18 17:58:02.858  1750  1750 D KeyguardUpdateMonitor: received broadcast android.intent.action.BATTERY_CHANGED
12-18 17:58:02.861  1750  1750 D KeyguardUpdateMonitor: handleBatteryUpdate
12-18 17:58:02.861  1989  1989 D QtiCarrierConfigHelper: WARNING, no carrier configs on phone Id: 0
12-18 17:58:11.000  1750  1750 D KeyguardUpdateMonitor: received broadcast android.intent.action.BATTERY_CHANGED
12-18 17:58:11.001  1989  1989 D QtiCarrierConfigHelper: WARNING, no carrier configs on phone Id: 0
12-18 17:58:11.005  1750  1750 D KeyguardUpdateMonitor: handleBatteryUpdate
12-18 17:58:28.973   955   955 I CNSS    : cnss_open_log_file: directory /data/vendor/wifi/wlan_logs/ created
12-18 17:58:31.043  1391  2315 D WificondControl: Scan result ready event
12-18 17:58:31.073  1391  1652 D WifiClientModeImpl: onResults: total 31 results
12-18 17:58:31.074  1391  1652 D ANQPRequestManager: Not allowed to send ANQP request to 198339166783756 for another 480 seconds
12-18 17:58:31.074  1391  1652 D PasspointManager: ANQP entry not found for: b4:63:6f:94:c9:0c:<Free Malware>
12-18 17:58:31.074  1391  1652 D ANQPRequestManager: Not allowed to send ANQP request to 198339166783748 for another 319 seconds
12-18 17:58:31.074  1391  1652 D PasspointManager: ANQP entry not found for: b4:63:6f:94:c9:04:<Free Malware>
12-18 17:58:31.074  1391  1652 D ANQPRequestManager: Not allowed to send ANQP request to 198339166783752 for another 319 seconds
12-18 17:58:31.075  1391  1652 D PasspointManager: ANQP entry not found for: b4:63:6f:94:c9:08:<Free Malware>
12-18 17:58:31.075  1391  1652 D ANQPRequestManager: Not allowed to send ANQP request to 207371997227064 for another 319 seconds
12-18 17:58:31.075  1391  1652 D PasspointManager: ANQP entry not found for: bc:9a:8e:3b:28:38:<APM_SK>
12-18 17:58:31.076  1744  1744 I wpa_supplicant: wlan0: GAS-QUERY-START addr=bc:9a:8e:3b:28:34 dialog_token=79 freq=2457
12-18 17:58:31.076  1138  3546 I LOWI-8.6.0.75: [LOWI-Scan] lowi_close_record:Scan done in 33904496ms, 31 APs in scan results
12-18 17:58:31.078  1391  1652 D HS20    : ANQP initiated on bc:9a:8e:3b:28:34
12-18 17:58:31.079  1391  1652 D PasspointManager: ANQP entry not found for: bc:9a:8e:3b:28:34:<APM_SK>
12-18 17:58:31.080  1744  1744 I wpa_supplicant: wlan0: GAS-QUERY-START addr=bc:9a:8e:3b:28:3c dialog_token=80 freq=5660
12-18 17:58:31.081  1391  1652 D HS20    : ANQP initiated on bc:9a:8e:3b:28:3c
12-18 17:58:31.081  1391  1652 D PasspointManager: ANQP entry not found for: bc:9a:8e:3b:28:3c:<APM_SK>
12-18 17:58:31.082  1391  1652 D WifiNetworkSelector: Current connected network: "Bali" , ID: 1
12-18 17:58:31.082  1391  1652 D WifiNetworkSelector: Current connected network already sufficient. Skip network selection.
12-18 17:58:33.115  1744  1744 I wpa_supplicant: wlan0: GAS-QUERY-DONE addr=bc:9a:8e:3b:28:34 dialog_token=79 freq=2457 status_code=0 result=TIMEOUT
12-18 17:58:33.117  1744  1744 I wpa_supplicant: wlan0: ANQP-QUERY-DONE addr=bc:9a:8e:3b:28:34 result=FAILURE
12-18 17:58:33.425  1744  1744 I wpa_supplicant: wlan0: GAS-QUERY-DONE addr=bc:9a:8e:3b:28:3c dialog_token=80 freq=5660 status_code=0 result=TIMEOUT
12-18 17:58:33.426  1744  1744 I wpa_supplicant: wlan0: ANQP-QUERY-DONE addr=bc:9a:8e:3b:28:3c result=FAILURE
12-18 17:58:46.643   630 17676 E ResolverController: No valid NAT64 prefix (100, <unspecified>/0)
12-18 17:58:46.901  2823  2843 I .stripe.update: Background young concurrent copying GC freed 182683(6490KB) AllocSpace objects, 13(508KB) LOS objects, 47% free, 7679KB/14MB, paused 251us total 124.951ms
12-18 17:58:59.751  1750  1750 D KeyguardUpdateMonitor: received broadcast android.intent.action.BATTERY_CHANGED
12-18 17:58:59.757  1989  1989 D QtiCarrierConfigHelper: WARNING, no carrier configs on phone Id: 0
12-18 17:58:59.758  1750  1750 D KeyguardUpdateMonitor: handleBatteryUpdate
12-18 17:59:00.006  1750  1750 D KeyguardUpdateMonitor: received broadcast android.intent.action.TIME_TICK
12-18 17:59:00.016  1750  1750 D KeyguardUpdateMonitor: handleTimeUpdate
12-18 17:59:00.017  1750  1750 D KeyguardClockSwitch: Updating clock: 559
12-18 17:59:07.799  1750  1750 D KeyguardUpdateMonitor: received broadcast android.intent.action.BATTERY_CHANGED
12-18 17:59:07.801  1989  1989 D QtiCarrierConfigHelper: WARNING, no carrier configs on phone Id: 0
12-18 17:59:07.803  1750  1750 D KeyguardUpdateMonitor: handleBatteryUpdate
12-18 17:59:16.511   630 17736 E ResolverController: No valid NAT64 prefix (100, <unspecified>/0)
12-18 17:59:24.112  1750  1750 D KeyguardUpdateMonitor: received broadcast android.intent.action.BATTERY_CHANGED
12-18 17:59:24.113  1989  1989 D QtiCarrierConfigHelper: WARNING, no carrier configs on phone Id: 0
12-18 17:59:24.119  1750  1750 D KeyguardUpdateMonitor: handleBatteryUpdate
12-18 17:59:32.045  1391  4083 E DatabaseUtils: Writing exception to parcel
12-18 17:59:32.045  1391  4083 E DatabaseUtils: java.lang.SecurityException: com.stripe.reader was not granted  this permission: android.permission.WRITE_SETTINGS.
12-18 17:59:32.045  1391  4083 E DatabaseUtils: 	at android.provider.Settings.isCallingPackageAllowedToPerformAppOpsProtectedOperation(Settings.java:15609)
12-18 17:59:32.045  1391  4083 E DatabaseUtils: 	at android.provider.Settings.checkAndNoteWriteSettingsOperation(Settings.java:15489)
12-18 17:59:32.045  1391  4083 E DatabaseUtils: 	at com.android.providers.settings.SettingsProvider.mutateSystemSetting(SettingsProvider.java:1701)
12-18 17:59:32.045  1391  4083 E DatabaseUtils: 	at com.android.providers.settings.SettingsProvider.insertSystemSetting(SettingsProvider.java:1676)
12-18 17:59:32.045  1391  4083 E DatabaseUtils: 	at com.android.providers.settings.SettingsProvider.call(SettingsProvider.java:442)
12-18 17:59:32.045  1391  4083 E DatabaseUtils: 	at android.content.ContentProvider.call(ContentProvider.java:2152)
12-18 17:59:32.045  1391  4083 E DatabaseUtils: 	at android.content.ContentProvider$Transport.call(ContentProvider.java:477)
12-18 17:59:32.045  1391  4083 E DatabaseUtils: 	at android.content.ContentProviderNative.onTransact(ContentProviderNative.java:277)
12-18 17:59:32.045  1391  4083 E DatabaseUtils: 	at android.os.Binder.execTransactInternal(Binder.java:1021)
12-18 17:59:32.045  1391  4083 E DatabaseUtils: 	at android.os.Binder.execTransact(Binder.java:994)
12-18 17:59:32.259  1750  1750 D KeyguardUpdateMonitor: received broadcast android.intent.action.BATTERY_CHANGED
12-18 17:59:32.261  1989  1989 D QtiCarrierConfigHelper: WARNING, no carrier configs on phone Id: 0
12-18 17:59:32.264  1750  1750 D KeyguardUpdateMonitor: handleBatteryUpdate
12-18 17:59:40.317  1750  1750 D KeyguardUpdateMonitor: received broadcast android.intent.action.BATTERY_CHANGED
12-18 17:59:40.319  1989  1989 D QtiCarrierConfigHelper: WARNING, no carrier configs on phone Id: 0
12-18 17:59:40.320  1750  1750 D KeyguardUpdateMonitor: handleBatteryUpdate
12-18 17:59:48.479  1750  1750 D KeyguardUpdateMonitor: received broadcast android.intent.action.BATTERY_CHANGED
12-18 17:59:48.482  1750  1750 D KeyguardUpdateMonitor: handleBatteryUpdate
12-18 17:59:48.484  1989  1989 D QtiCarrierConfigHelper: WARNING, no carrier configs on phone Id: 0
12-18 17:59:56.616  1750  1750 D KeyguardUpdateMonitor: received broadcast android.intent.action.BATTERY_CHANGED
12-18 17:59:56.616  1750  1750 D KeyguardUpdateMonitor: handleBatteryUpdate
12-18 17:59:56.620  1989  1989 D QtiCarrierConfigHelper: WARNING, no carrier configs on phone Id: 0
12-18 18:00:00.016  1750  1750 D KeyguardUpdateMonitor: received broadcast android.intent.action.TIME_TICK
12-18 18:00:00.017  1750  1750 D KeyguardUpdateMonitor: handleTimeUpdate
12-18 18:00:00.018  1750  1750 D KeyguardClockSwitch: Updating clock: 600
12-18 18:00:01.605   630 17821 E ResolverController: No valid NAT64 prefix (100, <unspecified>/0)
12-18 18:00:04.781  1750  1750 D KeyguardUpdateMonitor: received broadcast android.intent.action.BATTERY_CHANGED
12-18 18:00:04.781  1989  1989 D QtiCarrierConfigHelper: WARNING, no carrier configs on phone Id: 0
12-18 18:00:04.785  1750  1750 D KeyguardUpdateMonitor: handleBatteryUpdate
12-18 18:00:18.590   983 17868 D DropBoxManager: About to call service->add()
--------- beginning of system
12-18 18:00:18.591  1391  3199 I DropBoxManagerService: add tag=keymaster isTagEnabled=true flags=0x0
12-18 18:00:18.612   983 17868 D DropBoxManager: service->add returned No error
12-18 18:00:19.577  1391  1474 I DropBoxManagerService: add tag=system_server_strictmode isTagEnabled=true flags=0x2
12-18 18:00:21.045  1750  1750 D KeyguardUpdateMonitor: received broadcast android.intent.action.BATTERY_CHANGED
12-18 18:00:21.046  1989  1989 D QtiCarrierConfigHelper: WARNING, no carrier configs on phone Id: 0
12-18 18:00:21.048  1750  1750 D KeyguardUpdateMonitor: handleBatteryUpdate
12-18 18:00:19.626  1391  1474 I chatty  : uid=1000(system) android.io identical 2 lines
12-18 18:00:19.636  1391  1474 I DropBoxManagerService: add tag=system_server_strictmode isTagEnabled=true flags=0x2
12-18 18:00:21.238  1391  1481 I ProcessStatsService: Pruning old procstats: /data/system/procstats/state-2024-12-16-00-39-07.bin
12-18 18:00:29.116  1750  1750 D KeyguardUpdateMonitor: received broadcast android.intent.action.BATTERY_CHANGED
12-18 18:00:29.117  1989  1989 D QtiCarrierConfigHelper: WARNING, no carrier configs on phone Id: 0
12-18 18:00:29.119  1750  1750 D KeyguardUpdateMonitor: handleBatteryUpdate
12-18 18:00:32.056  1391  4083 E DatabaseUtils: Writing exception to parcel
12-18 18:00:32.056  1391  4083 E DatabaseUtils: java.lang.SecurityException: com.stripe.reader was not granted  this permission: android.permission.WRITE_SETTINGS.
12-18 18:00:32.056  1391  4083 E DatabaseUtils: 	at android.provider.Settings.isCallingPackageAllowedToPerformAppOpsProtectedOperation(Settings.java:15609)
12-18 18:00:32.056  1391  4083 E DatabaseUtils: 	at android.provider.Settings.checkAndNoteWriteSettingsOperation(Settings.java:15489)
12-18 18:00:32.056  1391  4083 E DatabaseUtils: 	at com.android.providers.settings.SettingsProvider.mutateSystemSetting(SettingsProvider.java:1701)
12-18 18:00:32.056  1391  4083 E DatabaseUtils: 	at com.android.providers.settings.SettingsProvider.insertSystemSetting(SettingsProvider.java:1676)
12-18 18:00:32.056  1391  4083 E DatabaseUtils: 	at com.android.providers.settings.SettingsProvider.call(SettingsProvider.java:442)
12-18 18:00:32.056  1391  4083 E DatabaseUtils: 	at android.content.ContentProvider.call(ContentProvider.java:2152)
12-18 18:00:32.056  1391  4083 E DatabaseUtils: 	at android.content.ContentProvider$Transport.call(ContentProvider.java:477)
12-18 18:00:32.056  1391  4083 E DatabaseUtils: 	at android.content.ContentProviderNative.onTransact(ContentProviderNative.java:277)
12-18 18:00:32.056  1391  4083 E DatabaseUtils: 	at android.os.Binder.execTransactInternal(Binder.java:1021)
12-18 18:00:32.056  1391  4083 E DatabaseUtils: 	at android.os.Binder.execTransact(Binder.java:994)
12-18 18:00:37.191  1750  1750 D KeyguardUpdateMonitor: received broadcast android.intent.action.BATTERY_CHANGED
12-18 18:00:37.193  1989  1989 D QtiCarrierConfigHelper: WARNING, no carrier configs on phone Id: 0
12-18 18:00:37.195  1750  1750 D KeyguardUpdateMonitor: handleBatteryUpdate
12-18 18:00:37.222   630 17906 E ResolverController: No valid NAT64 prefix (100, <unspecified>/0)
12-18 18:00:37.489  1391  4083 D AlarmManagerService: Kernel timezone updated to 360 minutes west of GMT
12-18 18:00:42.719  1391  1632 W InputDispatcher: Excessive delay in interceptKeyBeforeQueueing; took 134 ms
12-18 18:00:42.753  1391  1632 D WindowManager: powerPress: eventTime=34068120 interactive=true count=1 beganFromNonInteractive=false mShortPressOnPowerBehavior=1
12-18 18:00:42.760  1391  1632 I PowerManagerService: Going to sleep due to power_button (uid 1000)...
12-18 18:00:42.787  1391  1632 W InputDispatcher: Excessive delay in interceptKeyBeforeQueueing; took 59 ms
12-18 18:00:42.803  1391  1391 W UsageStatsService: Event reported without a package name, eventType:16
12-18 18:00:42.805  1391  1516 I PowerManagerService: Sleeping (uid 1000)...
12-18 18:00:42.819  1391  1516 I AdrenoGLES: QUALCOMM build                   : 5b7c7b4, Ia11ce2d146
12-18 18:00:42.819  1391  1516 I AdrenoGLES: Build Date                       : 09/14/20
12-18 18:00:42.819  1391  1516 I AdrenoGLES: OpenGL ES Shader Compiler Version: EV031.27.05.10
12-18 18:00:42.819  1391  1516 I AdrenoGLES: Local Branch                     : 
12-18 18:00:42.819  1391  1516 I AdrenoGLES: Remote Branch                    : 
12-18 18:00:42.819  1391  1516 I AdrenoGLES: Remote Branch                    : 
12-18 18:00:42.819  1391  1516 I AdrenoGLES: Reconstruct Branch               : 
12-18 18:00:42.819  1391  1516 I AdrenoGLES: Build Config                     : S P 8.0.12 AArch64
12-18 18:00:42.828  1750  2263 D KeyguardViewMediator: onStartedGoingToSleep(2)
12-18 18:00:42.835  1391  1516 I AdrenoGLES: PFP: 0x016ee187, ME: 0x00000000
12-18 18:00:42.838   730  1627 I SDM     : StrategyImpl::SetIdleTimeoutMs: Idle timeout: active = 70, inactive = 520
12-18 18:00:42.871  1035  1367 I OMX-VENC: venc_dev: stats: avg. fps 0.05, bitrate 476
12-18 18:00:42.928  1750  2263 D KeyguardViewMediator: notifyStartedGoingToSleep
